<html>
<body>
<pre>
<h1>µVision Build Log</h1>
<h2>Tool Versions:</h2>
IDE-Version: ¦ÌVision V5.37.0.0
Copyright (C) 2022 ARM Ltd and ARM Germany GmbH. All rights reserved.
License Information: 123456 Administrator, 55555, LIC=BL28G-VLWBE-XCJJ0-BBED7-HJEC1-JZ6P0
 
Tool Versions:
Toolchain:       MDK-ARM Professional  Version: 5.37.0.0
Toolchain Path:  F:\KEIL\ARM\ARMCC\Bin
C Compiler:      Armcc.exe V5.06 update 7 (build 960)
Assembler:       Armasm.exe V5.06 update 7 (build 960)
Linker/Locator:  ArmLink.exe V5.06 update 7 (build 960)
Library Manager: ArmAr.exe V5.06 update 7 (build 960)
Hex Converter:   FromElf.exe V5.06 update 7 (build 960)
CPU DLL:         SARMCM3.DLL V5.37.0.0
Dialog DLL:      DCM.DLL V1.17.5.0
Target DLL:      STLink\ST-LINKIII-KEIL_SWO.dll V3.0.9.0
Dialog DLL:      TCM.DLL V1.56.1.0
 
<h2>Project:</h2>
f:\danpianji\STM32\STM32F407ZGT6\workplace_HAL\separate_waste_bin_2024\MDK-ARM\separate_waste_bin_2024.uvprojx
Project File Date:  11/29/2024

<h2>Output:</h2>
*** Using Compiler 'V5.06 update 7 (build 960)', folder: 'F:\KEIL\ARM\ARMCC\Bin'
Rebuild target 'separate_waste_bin_2024'
assembling startup_stm32f407xx.s...
compiling stm32f4xx_hal_timebase_tim.c...
compiling gpio.c...
compiling stm32f4xx_hal_msp.c...
compiling dma.c...
compiling stm32f4xx_it.c...
compiling stm32f4xx_hal_rcc_ex.c...
compiling rtc.c...
compiling usart.c...
compiling main.c...
compiling stm32f4xx_hal_rcc.c...
compiling freertos.c...
../Core/Src/freertos.c(189): warning:  #167-D: argument of type "void (*)(const void *)" is incompatible with parameter of type "TaskFunction_t"
      xReturn = xTaskCreate(SonarReadTask,
../Core/Src/freertos.c(247): warning:  #167-D: argument of type "void (*)(const void *)" is incompatible with parameter of type "TaskFunction_t"
      xReturn = xTaskCreate(DCMotorControlTask,
../Core/Src/freertos.c: 2 warnings, 0 errors
compiling tim.c...
compiling stm32f4xx_hal_flash_ramfunc.c...
compiling stm32f4xx_hal_pwr_ex.c...
compiling stm32f4xx_hal_dma.c...
compiling stm32f4xx_hal_exti.c...
compiling stm32f4xx_hal_cortex.c...
compiling stm32f4xx_hal_gpio.c...
compiling stm32f4xx_hal_pwr.c...
compiling stm32f4xx_hal_rtc.c...
compiling stm32f4xx_hal_flash.c...
compiling stm32f4xx_hal.c...
compiling stm32f4xx_hal_flash_ex.c...
compiling stm32f4xx_hal_dma_ex.c...
compiling servo_motor.c...
compiling OPTO_switch.c...
compiling system_stm32f4xx.c...
compiling stm32f4xx_hal_rtc_ex.c...
compiling sonar_SR04.c...
compiling app_servo_motor.c...
compiling stepper_motor.c...
..\Drivers\KMDriver\Src\stepper_motor.c(42): warning:  #188-D: enumerated type mixed with another type
      HAL_GPIO_WritePin(hMotor->dir.port, hMotor->dir.pin, dir);
..\Drivers\KMDriver\Src\stepper_motor.c(82): warning:  #188-D: enumerated type mixed with another type
      HAL_GPIO_WritePin(hMotor->dir.port, hMotor->dir.pin, dir);
..\Drivers\KMDriver\Src\stepper_motor.c: 2 warnings, 0 errors
compiling DCmotor.c...
compiling stm32f4xx_hal_tim_ex.c...
compiling app_sonar.c...
compiling stm32f4xx_hal_uart.c...
compiling croutine.c...
compiling event_groups.c...
compiling list.c...
compiling queue.c...
compiling stream_buffer.c...
compiling timers.c...
compiling heap_4.c...
compiling tasks.c...
compiling stm32f4xx_hal_tim.c...
compiling cmsis_os.c...
compiling port.c...
compiling app_stepper_motor.c...
compiling UART_DMA.c...
compiling app_visual_identity.c...
compiling app_log.c...
compiling app_OPTO_switch.c...
linking...
Program Size: Code=34356 RO-data=496 RW-data=532 ZI-data=19812  
FromELF: creating hex file...
"separate_waste_bin_2024\separate_waste_bin_2024.axf" - 0 Error(s), 4 Warning(s).

<h2>Software Packages used:</h2>

Package Vendor: ARM
                http://www.keil.com/pack/ARM.CMSIS.5.9.0.pack
                ARM.CMSIS.5.9.0
                CMSIS (Common Microcontroller Software Interface Standard)
   * Component: CORE Version: 5.6.0

Package Vendor: Keil
                https://www.keil.com/pack/Keil.STM32F4xx_DFP.2.17.1.pack
                Keil.STM32F4xx_DFP.2.17.1
                STMicroelectronics STM32F4 Series Device Support, Drivers and Examples

<h2>Collection of Component include folders:</h2>
  ./RTE/_separate_waste_bin_2024
  F:/KEIL/ARM/Packs/ARM/CMSIS/5.9.0/CMSIS/Core/Include
  F:/KEIL/ARM/Packs/Keil/STM32F4xx_DFP/2.17.1/Drivers/CMSIS/Device/ST/STM32F4xx/Include

<h2>Collection of Component Files used:</h2>

   * Component: ARM::CMSIS:CORE:5.6.0
      Include file:  CMSIS/Core/Include/tz_context.h
Build Time Elapsed:  00:00:19
</pre>
</body>
</html>
