Component: ARM Compiler 5.06 update 7 (build 960) Tool: armlink [4d3601]

==============================================================================

Section Cross References

    startup_stm32f407xx.o(RESET) refers to startup_stm32f407xx.o(STACK) for __initial_sp
    startup_stm32f407xx.o(RESET) refers to startup_stm32f407xx.o(.text) for Reset_Handler
    startup_stm32f407xx.o(RESET) refers to stm32f4xx_it.o(i.NMI_Handler) for NMI_Handler
    startup_stm32f407xx.o(RESET) refers to stm32f4xx_it.o(i.HardFault_Handler) for HardFault_Handler
    startup_stm32f407xx.o(RESET) refers to stm32f4xx_it.o(i.MemManage_Handler) for MemManage_Handler
    startup_stm32f407xx.o(RESET) refers to stm32f4xx_it.o(i.BusFault_Handler) for BusFault_Handler
    startup_stm32f407xx.o(RESET) refers to stm32f4xx_it.o(i.UsageFault_Handler) for UsageFault_Handler
    startup_stm32f407xx.o(RESET) refers to port.o(.emb_text) for SVC_Handler
    startup_stm32f407xx.o(RESET) refers to stm32f4xx_it.o(i.DebugMon_Handler) for DebugMon_Handler
    startup_stm32f407xx.o(RESET) refers to port.o(i.SysTick_Handler) for SysTick_Handler
    startup_stm32f407xx.o(RESET) refers to stm32f4xx_it.o(i.EXTI0_IRQHandler) for EXTI0_IRQHandler
    startup_stm32f407xx.o(RESET) refers to stm32f4xx_it.o(i.EXTI1_IRQHandler) for EXTI1_IRQHandler
    startup_stm32f407xx.o(RESET) refers to stm32f4xx_it.o(i.EXTI2_IRQHandler) for EXTI2_IRQHandler
    startup_stm32f407xx.o(RESET) refers to stm32f4xx_it.o(i.EXTI3_IRQHandler) for EXTI3_IRQHandler
    startup_stm32f407xx.o(RESET) refers to stm32f4xx_it.o(i.EXTI4_IRQHandler) for EXTI4_IRQHandler
    startup_stm32f407xx.o(RESET) refers to stm32f4xx_it.o(i.DMA1_Stream0_IRQHandler) for DMA1_Stream0_IRQHandler
    startup_stm32f407xx.o(RESET) refers to stm32f4xx_it.o(i.DMA1_Stream5_IRQHandler) for DMA1_Stream5_IRQHandler
    startup_stm32f407xx.o(RESET) refers to stm32f4xx_it.o(i.DMA1_Stream6_IRQHandler) for DMA1_Stream6_IRQHandler
    startup_stm32f407xx.o(RESET) refers to stm32f4xx_it.o(i.TIM1_BRK_TIM9_IRQHandler) for TIM1_BRK_TIM9_IRQHandler
    startup_stm32f407xx.o(RESET) refers to stm32f4xx_it.o(i.TIM1_UP_TIM10_IRQHandler) for TIM1_UP_TIM10_IRQHandler
    startup_stm32f407xx.o(RESET) refers to stm32f4xx_it.o(i.TIM1_TRG_COM_TIM11_IRQHandler) for TIM1_TRG_COM_TIM11_IRQHandler
    startup_stm32f407xx.o(RESET) refers to stm32f4xx_it.o(i.TIM1_CC_IRQHandler) for TIM1_CC_IRQHandler
    startup_stm32f407xx.o(RESET) refers to stm32f4xx_it.o(i.TIM3_IRQHandler) for TIM3_IRQHandler
    startup_stm32f407xx.o(RESET) refers to stm32f4xx_it.o(i.TIM4_IRQHandler) for TIM4_IRQHandler
    startup_stm32f407xx.o(RESET) refers to stm32f4xx_it.o(i.USART1_IRQHandler) for USART1_IRQHandler
    startup_stm32f407xx.o(RESET) refers to stm32f4xx_it.o(i.USART2_IRQHandler) for USART2_IRQHandler
    startup_stm32f407xx.o(RESET) refers to stm32f4xx_it.o(i.TIM8_BRK_TIM12_IRQHandler) for TIM8_BRK_TIM12_IRQHandler
    startup_stm32f407xx.o(RESET) refers to stm32f4xx_it.o(i.TIM8_TRG_COM_TIM14_IRQHandler) for TIM8_TRG_COM_TIM14_IRQHandler
    startup_stm32f407xx.o(RESET) refers to stm32f4xx_it.o(i.DMA1_Stream7_IRQHandler) for DMA1_Stream7_IRQHandler
    startup_stm32f407xx.o(RESET) refers to stm32f4xx_it.o(i.TIM5_IRQHandler) for TIM5_IRQHandler
    startup_stm32f407xx.o(RESET) refers to stm32f4xx_it.o(i.UART5_IRQHandler) for UART5_IRQHandler
    startup_stm32f407xx.o(RESET) refers to stm32f4xx_it.o(i.DMA2_Stream1_IRQHandler) for DMA2_Stream1_IRQHandler
    startup_stm32f407xx.o(RESET) refers to stm32f4xx_it.o(i.DMA2_Stream2_IRQHandler) for DMA2_Stream2_IRQHandler
    startup_stm32f407xx.o(RESET) refers to stm32f4xx_it.o(i.DMA2_Stream6_IRQHandler) for DMA2_Stream6_IRQHandler
    startup_stm32f407xx.o(RESET) refers to stm32f4xx_it.o(i.DMA2_Stream7_IRQHandler) for DMA2_Stream7_IRQHandler
    startup_stm32f407xx.o(RESET) refers to stm32f4xx_it.o(i.USART6_IRQHandler) for USART6_IRQHandler
    startup_stm32f407xx.o(.text) refers to system_stm32f4xx.o(i.SystemInit) for SystemInit
    startup_stm32f407xx.o(.text) refers to entry.o(.ARM.Collect$$$$00000000) for __main
    main.o(i.HAL_TIM_PeriodElapsedCallback) refers to stm32f4xx_hal.o(i.HAL_IncTick) for HAL_IncTick
    main.o(i.SystemClock_Config) refers to memseta.o(.text) for __aeabi_memclr4
    main.o(i.SystemClock_Config) refers to stm32f4xx_hal_rcc.o(i.HAL_RCC_OscConfig) for HAL_RCC_OscConfig
    main.o(i.SystemClock_Config) refers to main.o(i.Error_Handler) for Error_Handler
    main.o(i.SystemClock_Config) refers to stm32f4xx_hal_rcc.o(i.HAL_RCC_ClockConfig) for HAL_RCC_ClockConfig
    main.o(i.main) refers to stm32f4xx_hal.o(i.HAL_Init) for HAL_Init
    main.o(i.main) refers to main.o(i.SystemClock_Config) for SystemClock_Config
    main.o(i.main) refers to gpio.o(i.MX_GPIO_Init) for MX_GPIO_Init
    main.o(i.main) refers to dma.o(i.MX_DMA_Init) for MX_DMA_Init
    main.o(i.main) refers to rtc.o(i.MX_RTC_Init) for MX_RTC_Init
    main.o(i.main) refers to tim.o(i.MX_TIM1_Init) for MX_TIM1_Init
[...]
    .bss                                     0x20000ce8   Section      256  uart_dma.o(.bss)
    .bss                                     0x20000de8   Section      400  tasks.o(.bss)
    pxReadyTasksLists                        0x20000de8   Data         300  tasks.o(.bss)
    xDelayedTaskList1                        0x20000f14   Data          20  tasks.o(.bss)
    xDelayedTaskList2                        0x20000f28   Data          20  tasks.o(.bss)
    xPendingReadyList                        0x20000f3c   Data          20  tasks.o(.bss)
    xTasksWaitingTermination                 0x20000f50   Data          20  tasks.o(.bss)
    xSuspendedTaskList                       0x20000f64   Data          20  tasks.o(.bss)
    .bss                                     0x20000f78   Section    15360  heap_4.o(.bss)
    ucHeap                                   0x20000f78   Data       15360  heap_4.o(.bss)
    STACK                                    0x20004b78   Section     1024  startup_stm32f407xx.o(STACK)

    Global Symbols

    Symbol Name                              Value     Ov Type        Size  Object(Section)

    BuildAttributes$$THM_ISAv4$E$P$D$K$B$S$7EM$VFPi3$EXTD16$VFPS$VFMA$PE$A:L22UL41UL21$X:L11$S22US41US21$IEEE1$IW$USESV6$~STKCKD$USESV7$~SHL$OSPACE$ROPI$EBA8$MICROLIB$REQ8$PRES8$EABIv2 0x00000000   Number         0  anon$$obj.o ABSOLUTE
    __ARM_use_no_argv                        0x00000000   Number         0  main.o ABSOLUTE
    _printf_a                                0x00000000   Number         0  stubs.o ABSOLUTE
    _printf_c                                0x00000000   Number         0  stubs.o ABSOLUTE
    _printf_charcount                        0x00000000   Number         0  stubs.o ABSOLUTE
    _printf_d                                0x00000000   Number         0  stubs.o ABSOLUTE
    _printf_e                                0x00000000   Number         0  stubs.o ABSOLUTE
    _printf_f                                0x00000000   Number         0  stubs.o ABSOLUTE
    _printf_flags                            0x00000000   Number         0  stubs.o ABSOLUTE
    _printf_fp_dec                           0x00000000   Number         0  stubs.o ABSOLUTE
    _printf_fp_hex                           0x00000000   Number         0  stubs.o ABSOLUTE
    _printf_g                                0x00000000   Number         0  stubs.o ABSOLUTE
    _printf_i                                0x00000000   Number         0  stubs.o ABSOLUTE
    _printf_int_dec                          0x00000000   Number         0  stubs.o ABSOLUTE
    _printf_l                                0x00000000   Number         0  stubs.o ABSOLUTE
    _printf_lc                               0x00000000   Number         0  stubs.o ABSOLUTE
    _printf_ll                               0x00000000   Number         0  stubs.o ABSOLUTE
    _printf_lld                              0x00000000   Number         0  stubs.o ABSOLUTE
    _printf_lli                              0x00000000   Number         0  stubs.o ABSOLUTE
    _printf_llo                              0x00000000   Number         0  stubs.o ABSOLUTE
    _printf_llu                              0x00000000   Number         0  stubs.o ABSOLUTE
    _printf_llx                              0x00000000   Number         0  stubs.o ABSOLUTE
    _printf_longlong_dec                     0x00000000   Number         0  stubs.o ABSOLUTE
    _printf_longlong_hex                     0x00000000   Number         0  stubs.o ABSOLUTE
    _printf_longlong_oct                     0x00000000   Number         0  stubs.o ABSOLUTE
    _printf_ls                               0x00000000   Number         0  stubs.o ABSOLUTE
    _printf_mbtowc                           0x00000000   Number         0  stubs.o ABSOLUTE
    _printf_n                                0x00000000   Number         0  stubs.o ABSOLUTE
    _printf_o                                0x00000000   Number         0  stubs.o ABSOLUTE
    _printf_p                                0x00000000   Number         0  stubs.o ABSOLUTE
    _printf_percent                          0x00000000   Number         0  stubs.o ABSOLUTE
    _printf_pre_padding                      0x00000000   Number         0  stubs.o ABSOLUTE
    _printf_return_value                     0x00000000   Number         0  stubs.o ABSOLUTE
    _printf_s                                0x00000000   Number         0  stubs.o ABSOLUTE
    _printf_sizespec                         0x00000000   Number         0  stubs.o ABSOLUTE
    _printf_str                              0x00000000   Number         0  stubs.o ABSOLUTE
    _printf_truncate_signed                  0x00000000   Number         0  stubs.o ABSOLUTE
    _printf_truncate_unsigned                0x00000000   Number         0  stubs.o ABSOLUTE
    _printf_u                                0x00000000   Number         0  stubs.o ABSOLUTE
    _printf_wc                               0x00000000   Number         0  stubs.o ABSOLUTE
    _printf_wctomb                           0x00000000   Number         0  stubs.o ABSOLUTE
    _printf_widthprec                        0x00000000   Number         0  stubs.o ABSOLUTE
    _printf_x                                0x00000000   Number         0  stubs.o ABSOLUTE
    __arm_fini_                               - Undefined Weak Reference
    __cpp_initialize__aeabi_                  - Undefined Weak Reference
    __cxa_finalize                            - Undefined Weak Reference
    _clock_init                               - Undefined Weak Reference
    _microlib_exit                            - Undefined Weak Reference
    __Vectors_Size                           0x00000188   Number         0  startup_stm32f407xx.o ABSOLUTE
    __Vectors                                0x08000000   Data           4  startup_stm32f407xx.o(RESET)
    __Vectors_End                            0x08000188   Data           0  startup_stm32f407xx.o(RESET)
    __main                                   0x08000189   Thumb Code     0  entry.o(.ARM.Collect$$$$00000000)
    _main_stk                                0x08000189   Thumb Code     0  entry2.o(.ARM.Collect$$$$00000001)
    _main_scatterload                        0x0800018d   Thumb Code     0  entry5.o(.ARM.Collect$$$$00000004)
    __main_after_scatterload                 0x08000191   Thumb Code     0  entry5.o(.ARM.Collect$$$$00000004)
    _main_clock                              0x08000191   Thumb Code     0  entry7b.o(.ARM.Collect$$$$00000008)
    _main_cpp_init                           0x08000191   Thumb Code     0  entry8b.o(.ARM.Collect$$$$0000000A)
    _main_init                               0x08000191   Thumb Code     0  entry9a.o(.ARM.Collect$$$$0000000B)
    __rt_lib_shutdown_fini                   0x08000199   Thumb Code     0  entry12b.o(.ARM.Collect$$$$0000000E)
    __rt_final_cpp                           0x0800019d   Thumb Code     0  entry10a.o(.ARM.Collect$$$$0000000F)
    __rt_final_exit                          0x0800019d   Thumb Code     0  entry11a.o(.ARM.Collect$$$$00000011)
    SVC_Handler                              0x080001a1   Thumb Code    28  port.o(.emb_text)
    __asm___6_port_c_39a90d8d__prvStartFirstTask 0x080001c1   Thumb Code    36  port.o(.emb_text)
    __asm___6_port_c_39a90d8d__prvEnableVFP  0x080001e9   Thumb Code    16  port.o(.emb_text)
    PendSV_Handler                           0x080001fd   Thumb Code    88  port.o(.emb_text)
    vPortGetIPSR                             0x08000259   Thumb Code     6  port.o(.emb_text)
    Reset_Handler                            0x08000261   Thumb Code     8  startup_stm32f407xx.o(.text)
    ADC_IRQHandler                           0x0800027b   Thumb Code     0  startup_stm32f407xx.o(.text)
    CAN1_RX0_IRQHandler                      0x0800027b   Thumb Code     0  startup_stm32f407xx.o(.text)
    CAN1_RX1_IRQHandler                      0x0800027b   Thumb Code     0  startup_stm32f407xx.o(.text)
    CAN1_SCE_IRQHandler                      0x0800027b   Thumb Code     0  startup_stm32f407xx.o(.text)
    CAN1_TX_IRQHandler                       0x0800027b   Thumb Code     0  startup_stm32f407xx.o(.text)
    CAN2_RX0_IRQHandler                      0x0800027b   Thumb Code     0  startup_stm32f407xx.o(.text)
    CAN2_RX1_IRQHandler                      0x0800027b   Thumb Code     0  startup_stm32f407xx.o(.text)
    CAN2_SCE_IRQHandler                      0x0800027b   Thumb Code     0  startup_stm32f407xx.o(.text)
    CAN2_TX_IRQHandler                       0x0800027b   Thumb Code     0  startup_stm32f407xx.o(.text)
    DCMI_IRQHandler                          0x0800027b   Thumb Code     0  startup_stm32f407xx.o(.text)
    DMA1_Stream1_IRQHandler                  0x0800027b   Thumb Code     0  startup_stm32f407xx.o(.text)
    DMA1_Stream2_IRQHandler                  0x0800027b   Thumb Code     0  startup_stm32f407xx.o(.text)
    DMA1_Stream3_IRQHandler                  0x0800027b   Thumb Code     0  startup_stm32f407xx.o(.text)
    DMA1_Stream4_IRQHandler                  0x0800027b   Thumb Code     0  startup_stm32f407xx.o(.text)
    DMA2_Stream0_IRQHandler                  0x0800027b   Thumb Code     0  startup_stm32f407xx.o(.text)
    DMA2_Stream3_IRQHandler                  0x0800027b   Thumb Code     0  startup_stm32f407xx.o(.text)
    DMA2_Stream4_IRQHandler                  0x0800027b   Thumb Code     0  startup_stm32f407xx.o(.text)
    DMA2_Stream5_IRQHandler                  0x0800027b   Thumb Code     0  startup_stm32f407xx.o(.text)
    ETH_IRQHandler                           0x0800027b   Thumb Code     0  startup_stm32f407xx.o(.text)
    ETH_WKUP_IRQHandler                      0x0800027b   Thumb Code     0  startup_stm32f407xx.o(.text)
    EXTI15_10_IRQHandler                     0x0800027b   Thumb Code     0  startup_stm32f407xx.o(.text)
    EXTI9_5_IRQHandler                       0x0800027b   Thumb Code     0  startup_stm32f407xx.o(.text)
    FLASH_IRQHandler                         0x0800027b   Thumb Code     0  startup_stm32f407xx.o(.text)
    FMC_IRQHandler                           0x0800027b   Thumb Code     0  startup_stm32f407xx.o(.text)
    FPU_IRQHandler                           0x0800027b   Thumb Code     0  startup_stm32f407xx.o(.text)
    HASH_RNG_IRQHandler                      0x0800027b   Thumb Code     0  startup_stm32f407xx.o(.text)
    I2C1_ER_IRQHandler                       0x0800027b   Thumb Code     0  startup_stm32f407xx.o(.text)
    I2C1_EV_IRQHandler                       0x0800027b   Thumb Code     0  startup_stm32f407xx.o(.text)
    I2C2_ER_IRQHandler                       0x0800027b   Thumb Code     0  startup_stm32f407xx.o(.text)
    I2C2_EV_IRQHandler                       0x0800027b   Thumb Code     0  startup_stm32f407xx.o(.text)
    I2C3_ER_IRQHandler                       0x0800027b   Thumb Code     0  startup_stm32f407xx.o(.text)
    I2C3_EV_IRQHandler                       0x0800027b   Thumb Code     0  startup_stm32f407xx.o(.text)
    OTG_FS_IRQHandler                        0x0800027b   Thumb Code     0  startup_stm32f407xx.o(.text)
    OTG_FS_WKUP_IRQHandler                   0x0800027b   Thumb Code     0  startup_stm32f407xx.o(.text)
    OTG_HS_EP1_IN_IRQHandler                 0x0800027b   Thumb Code     0  startup_stm32f407xx.o(.text)
    OTG_HS_EP1_OUT_IRQHandler                0x0800027b   Thumb Code     0  startup_stm32f407xx.o(.text)
    OTG_HS_IRQHandler                        0x0800027b   Thumb Code     0  startup_stm32f407xx.o(.text)
    OTG_HS_WKUP_IRQHandler                   0x0800027b   Thumb Code     0  startup_stm32f407xx.o(.text)
    PVD_IRQHandler                           0x0800027b   Thumb Code     0  startup_stm32f407xx.o(.text)
    RCC_IRQHandler                           0x0800027b   Thumb Code     0  startup_stm32f407xx.o(.text)
    RTC_Alarm_IRQHandler                     0x0800027b   Thumb Code     0  startup_stm32f407xx.o(.text)
    RTC_WKUP_IRQHandler                      0x0800027b   Thumb Code     0  startup_stm32f407xx.o(.text)
    SDIO_IRQHandler                          0x0800027b   Thumb Code     0  startup_stm32f407xx.o(.text)
    SPI1_IRQHandler                          0x0800027b   Thumb Code     0  startup_stm32f407xx.o(.text)
    SPI2_IRQHandler                          0x0800027b   Thumb Code     0  startup_stm32f407xx.o(.text)
    SPI3_IRQHandler                          0x0800027b   Thumb Code     0  startup_stm32f407xx.o(.text)
    TAMP_STAMP_IRQHandler                    0x0800027b   Thumb Code     0  startup_stm32f407xx.o(.text)
    TIM2_IRQHandler                          0x0800027b   Thumb Code     0  startup_stm32f407xx.o(.text)
    TIM6_DAC_IRQHandler                      0x0800027b   Thumb Code     0  startup_stm32f407xx.o(.text)
    TIM7_IRQHandler                          0x0800027b   Thumb Code     0  startup_stm32f407xx.o(.text)
    TIM8_CC_IRQHandler                       0x0800027b   Thumb Code     0  startup_stm32f407xx.o(.text)
    TIM8_UP_TIM13_IRQHandler                 0x0800027b   Thumb Code     0  startup_stm32f407xx.o(.text)
    UART4_IRQHandler                         0x0800027b   Thumb Code     0  startup_stm32f407xx.o(.text)
    USART3_IRQHandler                        0x0800027b   Thumb Code     0  startup_stm32f407xx.o(.text)
    WWDG_IRQHandler                          0x0800027b   Thumb Code     0  startup_stm32f407xx.o(.text)
    __aeabi_uldivmod                         0x08000285   Thumb Code    98  uldiv.o(.text)
    __aeabi_memcpy                           0x080002e7   Thumb Code    36  memcpya.o(.text)
    __aeabi_memcpy4                          0x080002e7   Thumb Code     0  memcpya.o(.text)
    __aeabi_memcpy8                          0x080002e7   Thumb Code     0  memcpya.o(.text)
    __aeabi_memset                           0x0800030b   Thumb Code    14  memseta.o(.text)
    __aeabi_memset4                          0x0800030b   Thumb Code     0  memseta.o(.text)
    __aeabi_memset8                          0x0800030b   Thumb Code     0  memseta.o(.text)
    __aeabi_memclr                           0x08000319   Thumb Code     4  memseta.o(.text)
    __aeabi_memclr4                          0x08000319   Thumb Code     0  memseta.o(.text)
    __aeabi_memclr8                          0x08000319   Thumb Code     0  memseta.o(.text)
    memset                                   0x0800031d   Thumb Code    18  memseta.o(.text)
    __aeabi_f2d                              0x0800032f   Thumb Code    38  f2d.o(.text)
    __aeabi_uidiv                            0x08000355   Thumb Code     0  uidiv.o(.text)
    __aeabi_uidivmod                         0x08000355   Thumb Code    44  uidiv.o(.text)
    __aeabi_llsl                             0x08000381   Thumb Code    30  llshl.o(.text)
    _ll_shift_l                              0x08000381   Thumb Code     0  llshl.o(.text)
    __aeabi_llsr                             0x0800039f   Thumb Code    32  llushr.o(.text)
    _ll_ushift_r                             0x0800039f   Thumb Code     0  llushr.o(.text)
    __I$use$fp                               0x080003bf   Thumb Code     0  iusefp.o(.text)
    __aeabi_dadd                             0x080003bf   Thumb Code   322  dadd.o(.text)
    __aeabi_dsub                             0x08000501   Thumb Code     6  dadd.o(.text)
    __aeabi_drsub                            0x08000507   Thumb Code     6  dadd.o(.text)
    __aeabi_dmul                             0x0800050d   Thumb Code   228  dmul.o(.text)
    __aeabi_ddiv                             0x080005f1   Thumb Code   222  ddiv.o(.text)
    __aeabi_d2ulz                            0x080006cf   Thumb Code    48  dfixul.o(.text)
    __aeabi_cdrcmple                         0x08000701   Thumb Code    48  cdrcmple.o(.text)
    __scatterload                            0x08000731   Thumb Code    28  init.o(.text)
    __scatterload_rt2                        0x08000731   Thumb Code     0  init.o(.text)
    __aeabi_lasr                             0x08000755   Thumb Code    36  llsshr.o(.text)
    _ll_sshift_r                             0x08000755   Thumb Code     0  llsshr.o(.text)
    _double_round                            0x08000779   Thumb Code    30  depilogue.o(.text)
    _double_epilogue                         0x08000797   Thumb Code   156  depilogue.o(.text)
    __decompress                             0x08000833   Thumb Code     0  __dczerorl2.o(.text)
    __decompress1                            0x08000833   Thumb Code    86  __dczerorl2.o(.text)
    APP_DCmotor_Start                        0x08000889   Thumb Code    54  dcmotor.o(i.APP_DCmotor_Start)
    APP_DCmotor_Stop                         0x080008bf   Thumb Code    26  dcmotor.o(i.APP_DCmotor_Stop)
    App_DCmotor_Proc                         0x080008d9   Thumb Code    42  dcmotor.o(i.App_DCmotor_Proc)
    App_Servo_Init                           0x08000909   Thumb Code    56  app_servo_motor.o(i.App_Servo_Init)
    App_Servo_Proc                           0x0800094d   Thumb Code   110  app_servo_motor.o(i.App_Servo_Proc)
    App_Servo_Reset                          0x080009dd   Thumb Code    46  app_servo_motor.o(i.App_Servo_Reset)
    App_Sonar_Init                           0x08000a15   Thumb Code     2  app_sonar.o(i.App_Sonar_Init)
    App_Sonar_Proc                           0x08000a19   Thumb Code   650  app_sonar.o(i.App_Sonar_Proc)
    App_StepperMotor_Proc                    0x08000e65   Thumb Code    42  app_stepper_motor.o(i.App_StepperMotor_Proc)
    App_StepperMotors_Init                   0x08000ea1   Thumb Code    32  app_stepper_motor.o(i.App_StepperMotors_Init)
    App_Visual_Identity_Init                 0x08000ecd   Thumb Code    20  app_visual_identity.o(i.App_Visual_Identity_Init)
    App_Visual_Identity_Proc                 0x08000ee9   Thumb Code   194  app_visual_identity.o(i.App_Visual_Identity_Proc)
    App_cloud_terrace_state                  0x0800100d   Thumb Code   216  app_servo_motor.o(i.App_cloud_terrace_state)
    BusFault_Handler                         0x080010f1   Thumb Code     4  stm32f4xx_it.o(i.BusFault_Handler)
    DCMotorControlTask                       0x080010f5   Thumb Code    26  freertos.o(i.DCMotorControlTask)
    DMA1_Stream0_IRQHandler                  0x08001115   Thumb Code    10  stm32f4xx_it.o(i.DMA1_Stream0_IRQHandler)
    DMA1_Stream5_IRQHandler                  0x08001125   Thumb Code    10  stm32f4xx_it.o(i.DMA1_Stream5_IRQHandler)
    DMA1_Stream6_IRQHandler                  0x08001135   Thumb Code    10  stm32f4xx_it.o(i.DMA1_Stream6_IRQHandler)
    DMA1_Stream7_IRQHandler                  0x08001145   Thumb Code    10  stm32f4xx_it.o(i.DMA1_Stream7_IRQHandler)
    DMA2_Stream1_IRQHandler                  0x08001155   Thumb Code    10  stm32f4xx_it.o(i.DMA2_Stream1_IRQHandler)
    DMA2_Stream2_IRQHandler                  0x08001165   Thumb Code    10  stm32f4xx_it.o(i.DMA2_Stream2_IRQHandler)
    DMA2_Stream6_IRQHandler                  0x08001175   Thumb Code    10  stm32f4xx_it.o(i.DMA2_Stream6_IRQHandler)
    DMA2_Stream7_IRQHandler                  0x08001185   Thumb Code    10  stm32f4xx_it.o(i.DMA2_Stream7_IRQHandler)
    DataProcess                              0x080012a1   Thumb Code   140  uart_dma.o(i.DataProcess)
    DebugMon_Handler                         0x08001355   Thumb Code     2  stm32f4xx_it.o(i.DebugMon_Handler)
    EXTI0_IRQHandler                         0x08001357   Thumb Code    10  stm32f4xx_it.o(i.EXTI0_IRQHandler)
    EXTI1_IRQHandler                         0x08001361   Thumb Code    10  stm32f4xx_it.o(i.EXTI1_IRQHandler)
    EXTI2_IRQHandler                         0x0800136b   Thumb Code    10  stm32f4xx_it.o(i.EXTI2_IRQHandler)
    EXTI3_IRQHandler                         0x08001375   Thumb Code    10  stm32f4xx_it.o(i.EXTI3_IRQHandler)
    EXTI4_IRQHandler                         0x0800137f   Thumb Code    10  stm32f4xx_it.o(i.EXTI4_IRQHandler)
    Error_Handler                            0x08001389   Thumb Code     6  main.o(i.Error_Handler)
    HAL_DMA_Abort                            0x0800138f   Thumb Code   172  stm32f4xx_hal_dma.o(i.HAL_DMA_Abort)
    HAL_DMA_Abort_IT                         0x0800143b   Thumb Code    40  stm32f4xx_hal_dma.o(i.HAL_DMA_Abort_IT)
    HAL_DMA_IRQHandler                       0x08001465   Thumb Code   570  stm32f4xx_hal_dma.o(i.HAL_DMA_IRQHandler)
    HAL_DMA_Init                             0x080016a5   Thumb Code   232  stm32f4xx_hal_dma.o(i.HAL_DMA_Init)
    HAL_DMA_Start_IT                         0x08001791   Thumb Code   146  stm32f4xx_hal_dma.o(i.HAL_DMA_Start_IT)
    HAL_GPIO_EXTI_Callback                   0x08001825   Thumb Code   134  opto_switch.o(i.HAL_GPIO_EXTI_Callback)
    HAL_GPIO_EXTI_IRQHandler                 0x080018c1   Thumb Code    24  stm32f4xx_hal_gpio.o(i.HAL_GPIO_EXTI_IRQHandler)
    HAL_GPIO_Init                            0x080018dd   Thumb Code   454  stm32f4xx_hal_gpio.o(i.HAL_GPIO_Init)
    HAL_GPIO_ReadPin                         0x08001ad1   Thumb Code    16  stm32f4xx_hal_gpio.o(i.HAL_GPIO_ReadPin)
    HAL_GPIO_WritePin                        0x08001ae1   Thumb Code    12  stm32f4xx_hal_gpio.o(i.HAL_GPIO_WritePin)
    HAL_GetTick                              0x08001aed   Thumb Code     6  stm32f4xx_hal.o(i.HAL_GetTick)
    HAL_IncTick                              0x08001af9   Thumb Code    16  stm32f4xx_hal.o(i.HAL_IncTick)
    HAL_Init                                 0x08001b11   Thumb Code    54  stm32f4xx_hal.o(i.HAL_Init)
    HAL_InitTick                             0x08001b4d   Thumb Code   160  stm32f4xx_hal_timebase_tim.o(i.HAL_InitTick)
    HAL_MspInit                              0x08001c01   Thumb Code    78  stm32f4xx_hal_msp.o(i.HAL_MspInit)
    HAL_NVIC_EnableIRQ                       0x08001c55   Thumb Code    40  stm32f4xx_hal_cortex.o(i.HAL_NVIC_EnableIRQ)
    HAL_NVIC_SetPriority                     0x08001c7d   Thumb Code   124  stm32f4xx_hal_cortex.o(i.HAL_NVIC_SetPriority)
    HAL_NVIC_SetPriorityGrouping             0x08001cf9   Thumb Code    32  stm32f4xx_hal_cortex.o(i.HAL_NVIC_SetPriorityGrouping)
    HAL_RCCEx_PeriphCLKConfig                0x08001d21   Thumb Code   396  stm32f4xx_hal_rcc_ex.o(i.HAL_RCCEx_PeriphCLKConfig)
    HAL_RCC_ClockConfig                      0x08001ec1   Thumb Code   368  stm32f4xx_hal_rcc.o(i.HAL_RCC_ClockConfig)
    HAL_RCC_GetClockConfig                   0x08002045   Thumb Code    58  stm32f4xx_hal_rcc.o(i.HAL_RCC_GetClockConfig)
    HAL_RCC_GetHCLKFreq                      0x08002089   Thumb Code     6  stm32f4xx_hal_rcc.o(i.HAL_RCC_GetHCLKFreq)
    HAL_RCC_GetPCLK1Freq                     0x08002095   Thumb Code    22  stm32f4xx_hal_rcc.o(i.HAL_RCC_GetPCLK1Freq)
    HAL_RCC_GetPCLK2Freq                     0x080020b5   Thumb Code    22  stm32f4xx_hal_rcc.o(i.HAL_RCC_GetPCLK2Freq)
    HAL_RCC_GetSysClockFreq                  0x080020d5   Thumb Code   162  stm32f4xx_hal_rcc.o(i.HAL_RCC_GetSysClockFreq)
    HAL_RCC_OscConfig                        0x08002185   Thumb Code  1172  stm32f4xx_hal_rcc.o(i.HAL_RCC_OscConfig)
    HAL_RTC_Init                             0x08002621   Thumb Code   176  stm32f4xx_hal_rtc.o(i.HAL_RTC_Init)
    HAL_RTC_MspInit                          0x080026d5   Thumb Code    50  rtc.o(i.HAL_RTC_MspInit)
    HAL_RTC_WaitForSynchro                   0x08002711   Thumb Code    52  stm32f4xx_hal_rtc.o(i.HAL_RTC_WaitForSynchro)
    HAL_TIMEx_BreakCallback                  0x08002749   Thumb Code     2  stm32f4xx_hal_tim_ex.o(i.HAL_TIMEx_BreakCallback)
    HAL_TIMEx_CommutCallback                 0x0800274b   Thumb Code     2  stm32f4xx_hal_tim_ex.o(i.HAL_TIMEx_CommutCallback)
    HAL_TIMEx_ConfigBreakDeadTime            0x0800274d   Thumb Code   116  stm32f4xx_hal_tim_ex.o(i.HAL_TIMEx_ConfigBreakDeadTime)
    HAL_TIMEx_MasterConfigSynchronization    0x080027c1   Thumb Code   150  stm32f4xx_hal_tim_ex.o(i.HAL_TIMEx_MasterConfigSynchronization)
    HAL_TIM_Base_Init                        0x08002875   Thumb Code   102  stm32f4xx_hal_tim.o(i.HAL_TIM_Base_Init)
    HAL_TIM_Base_MspInit                     0x080028dd   Thumb Code   424  tim.o(i.HAL_TIM_Base_MspInit)
    HAL_TIM_Base_Start_IT                    0x08002aa1   Thumb Code   138  stm32f4xx_hal_tim.o(i.HAL_TIM_Base_Start_IT)
    HAL_TIM_ConfigClockSource                0x08002b49   Thumb Code   268  stm32f4xx_hal_tim.o(i.HAL_TIM_ConfigClockSource)
    HAL_TIM_IC_CaptureCallback               0x08002c55   Thumb Code     2  stm32f4xx_hal_tim.o(i.HAL_TIM_IC_CaptureCallback)
    HAL_TIM_IC_ConfigChannel                 0x08002c57   Thumb Code   222  stm32f4xx_hal_tim.o(i.HAL_TIM_IC_ConfigChannel)
    HAL_TIM_IC_Init                          0x08002d35   Thumb Code   102  stm32f4xx_hal_tim.o(i.HAL_TIM_IC_Init)
    HAL_TIM_IC_MspInit                       0x08002d9d   Thumb Code   376  tim.o(i.HAL_TIM_IC_MspInit)
    HAL_TIM_IC_Start                         0x08002f2d   Thumb Code   288  stm32f4xx_hal_tim.o(i.HAL_TIM_IC_Start)
    HAL_TIM_IC_Stop                          0x08003069   Thumb Code   138  stm32f4xx_hal_tim.o(i.HAL_TIM_IC_Stop)
    HAL_TIM_IRQHandler                       0x080030f3   Thumb Code   364  stm32f4xx_hal_tim.o(i.HAL_TIM_IRQHandler)
    HAL_TIM_MspPostInit                      0x08003261   Thumb Code   254  tim.o(i.HAL_TIM_MspPostInit)
    HAL_TIM_OC_ConfigChannel                 0x08003379   Thumb Code   112  stm32f4xx_hal_tim.o(i.HAL_TIM_OC_ConfigChannel)
    HAL_TIM_OC_DelayElapsedCallback          0x080033e9   Thumb Code   202  app_stepper_motor.o(i.HAL_TIM_OC_DelayElapsedCallback)
    HAL_TIM_OC_Init                          0x080034c9   Thumb Code   102  stm32f4xx_hal_tim.o(i.HAL_TIM_OC_Init)
    HAL_TIM_OC_MspInit                       0x0800352f   Thumb Code     2  stm32f4xx_hal_tim.o(i.HAL_TIM_OC_MspInit)
    HAL_TIM_OC_Start_IT                      0x08003531   Thumb Code   324  stm32f4xx_hal_tim.o(i.HAL_TIM_OC_Start_IT)
    HAL_TIM_OC_Stop_IT                       0x08003691   Thumb Code   244  stm32f4xx_hal_tim.o(i.HAL_TIM_OC_Stop_IT)
    HAL_TIM_PWM_ConfigChannel                0x0800378d   Thumb Code   260  stm32f4xx_hal_tim.o(i.HAL_TIM_PWM_ConfigChannel)
    HAL_TIM_PWM_Init                         0x08003891   Thumb Code   102  stm32f4xx_hal_tim.o(i.HAL_TIM_PWM_Init)
    HAL_TIM_PWM_MspInit                      0x080038f7   Thumb Code     2  stm32f4xx_hal_tim.o(i.HAL_TIM_PWM_MspInit)
    HAL_TIM_PWM_PulseFinishedCallback        0x080038f9   Thumb Code     2  stm32f4xx_hal_tim.o(i.HAL_TIM_PWM_PulseFinishedCallback)
    HAL_TIM_PWM_Start                        0x080038fd   Thumb Code   238  stm32f4xx_hal_tim.o(i.HAL_TIM_PWM_Start)
    HAL_TIM_PWM_Stop                         0x08003a09   Thumb Code   160  stm32f4xx_hal_tim.o(i.HAL_TIM_PWM_Stop)
    HAL_TIM_PeriodElapsedCallback            0x08003ab1   Thumb Code    18  main.o(i.HAL_TIM_PeriodElapsedCallback)
    HAL_TIM_TriggerCallback                  0x08003ac9   Thumb Code     2  stm32f4xx_hal_tim.o(i.HAL_TIM_TriggerCallback)
    HAL_UARTEx_RxEventCallback               0x08003acb   Thumb Code     2  stm32f4xx_hal_uart.o(i.HAL_UARTEx_RxEventCallback)
    HAL_UART_DMAStop                         0x08003acd   Thumb Code   138  stm32f4xx_hal_uart.o(i.HAL_UART_DMAStop)
    HAL_UART_ErrorCallback                   0x08003b57   Thumb Code     2  stm32f4xx_hal_uart.o(i.HAL_UART_ErrorCallback)
    HAL_UART_IRQHandler                      0x08003b59   Thumb Code   740  stm32f4xx_hal_uart.o(i.HAL_UART_IRQHandler)
    HAL_UART_IdleCallback                    0x08003e41   Thumb Code    46  uart_dma.o(i.HAL_UART_IdleCallback)
    HAL_UART_Init                            0x08003e6f   Thumb Code   118  stm32f4xx_hal_uart.o(i.HAL_UART_Init)
    HAL_UART_MspInit                         0x08003ee5   Thumb Code  1218  usart.o(i.HAL_UART_MspInit)
    HAL_UART_Receive_DMA                     0x080043b5   Thumb Code    44  stm32f4xx_hal_uart.o(i.HAL_UART_Receive_DMA)
    HAL_UART_RxCpltCallback                  0x080043e1   Thumb Code    18  uart_dma.o(i.HAL_UART_RxCpltCallback)
    HAL_UART_RxHalfCpltCallback              0x080043f3   Thumb Code     2  stm32f4xx_hal_uart.o(i.HAL_UART_RxHalfCpltCallback)
    HAL_UART_Transmit                        0x080043f5   Thumb Code   190  stm32f4xx_hal_uart.o(i.HAL_UART_Transmit)
    HAL_UART_Transmit_DMA                    0x080044b5   Thumb Code   128  stm32f4xx_hal_uart.o(i.HAL_UART_Transmit_DMA)
    HAL_UART_TxCpltCallback                  0x08004541   Thumb Code     8  uart_dma.o(i.HAL_UART_TxCpltCallback)
    HAL_UART_TxHalfCpltCallback              0x0800454d   Thumb Code     2  stm32f4xx_hal_uart.o(i.HAL_UART_TxHalfCpltCallback)
    HardFault_Handler                        0x0800454f   Thumb Code     4  stm32f4xx_it.o(i.HardFault_Handler)
    MX_DMA_Init                              0x08004555   Thumb Code   194  dma.o(i.MX_DMA_Init)
    MX_FREERTOS_Init                         0x0800461d   Thumb Code    30  freertos.o(i.MX_FREERTOS_Init)
    MX_GPIO_Init                             0x08004645   Thumb Code   740  gpio.o(i.MX_GPIO_Init)
    MX_RTC_Init                              0x08004949   Thumb Code    42  rtc.o(i.MX_RTC_Init)
    MX_TIM12_Init                            0x0800497d   Thumb Code   150  tim.o(i.MX_TIM12_Init)
    MX_TIM1_Init                             0x08004a1d   Thumb Code   380  tim.o(i.MX_TIM1_Init)
    MX_TIM3_Init                             0x08004ba1   Thumb Code   134  tim.o(i.MX_TIM3_Init)
    MX_TIM4_Init                             0x08004c31   Thumb Code   134  tim.o(i.MX_TIM4_Init)
    MX_TIM5_Init                             0x08004cc1   Thumb Code   132  tim.o(i.MX_TIM5_Init)
    MX_TIM7_Init                             0x08004d4d   Thumb Code    66  tim.o(i.MX_TIM7_Init)
    MX_TIM8_Init                             0x08004d99   Thumb Code   256  tim.o(i.MX_TIM8_Init)
    MX_TIM9_Init                             0x08004ea1   Thumb Code   146  tim.o(i.MX_TIM9_Init)
    MX_UART5_Init                            0x08004f3d   Thumb Code    46  usart.o(i.MX_UART5_Init)
    MX_USART1_UART_Init                      0x08004f75   Thumb Code    46  usart.o(i.MX_USART1_UART_Init)
    MX_USART2_UART_Init                      0x08004fad   Thumb Code    46  usart.o(i.MX_USART2_UART_Init)
    MX_USART6_UART_Init                      0x08004fe5   Thumb Code    46  usart.o(i.MX_USART6_UART_Init)
    MemManage_Handler                        0x0800501d   Thumb Code     4  stm32f4xx_it.o(i.MemManage_Handler)
    NMI_Handler                              0x08005021   Thumb Code     4  stm32f4xx_it.o(i.NMI_Handler)
    OPTOswitchReadTask                       0x08005025   Thumb Code     8  app_opto_switch.o(i.OPTOswitchReadTask)
    OPTOswitch_Proc                          0x0800502d   Thumb Code    62  app_opto_switch.o(i.OPTOswitch_Proc)
    ProcessData                              0x0800507d   Thumb Code    28  uart_dma.o(i.ProcessData)
    RTC_EnterInitMode                        0x08005099   Thumb Code    74  stm32f4xx_hal_rtc.o(i.RTC_EnterInitMode)
    RTC_ExitInitMode                         0x080050e3   Thumb Code    46  stm32f4xx_hal_rtc.o(i.RTC_ExitInitMode)
    RubbishWav                               0x08005111   Thumb Code    92  app_visual_identity.o(i.RubbishWav)
    RubbishWav_F                             0x08005181   Thumb Code    92  app_sonar.o(i.RubbishWav_F)
    ServoControlTask                         0x080051f1   Thumb Code    22  app_servo_motor.o(i.ServoControlTask)
    Servo_Init                               0x08005207   Thumb Code    42  servo_motor.o(i.Servo_Init)
    Servo_SetAngleCustomRange                0x08005231   Thumb Code    94  servo_motor.o(i.Servo_SetAngleCustomRange)
    SonarReadTask                            0x0800528f   Thumb Code    22  app_sonar.o(i.SonarReadTask)
    Sonar_GetDistance                        0x080052a5   Thumb Code   318  sonar_sr04.o(i.Sonar_GetDistance)
    Sonar_clearData                          0x080053f1   Thumb Code    60  sonar_sr04.o(i.Sonar_clearData)
    StartControlTask                         0x0800542d   Thumb Code   128  freertos.o(i.StartControlTask)
    StartDefaultTask                         0x0800559d   Thumb Code   100  freertos.o(i.StartDefaultTask)
    StartSensorTask                          0x080056a1   Thumb Code   128  freertos.o(i.StartSensorTask)
    StartUartRxDMA                           0x08005805   Thumb Code    22  uart_dma.o(i.StartUartRxDMA)
    StepMotorControlTask                     0x08005825   Thumb Code    24  app_stepper_motor.o(i.StepMotorControlTask)
    StepperMotor_Init                        0x08005841   Thumb Code    82  stepper_motor.o(i.StepperMotor_Init)
    StepperMotor_Start                       0x08005893   Thumb Code    26  stepper_motor.o(i.StepperMotor_Start)
    StepperMotor_Stop                        0x080058ad   Thumb Code    22  stepper_motor.o(i.StepperMotor_Stop)
    SysTick_Handler                          0x080058c5   Thumb Code    46  port.o(i.SysTick_Handler)
    SystemClock_Config                       0x080058f9   Thumb Code   178  main.o(i.SystemClock_Config)
    SystemInit                               0x080059b5   Thumb Code    14  system_stm32f4xx.o(i.SystemInit)
    TIM1_BRK_TIM9_IRQHandler                 0x080059c9   Thumb Code    16  stm32f4xx_it.o(i.TIM1_BRK_TIM9_IRQHandler)
    TIM1_CC_IRQHandler                       0x080059e1   Thumb Code    10  stm32f4xx_it.o(i.TIM1_CC_IRQHandler)
    TIM1_TRG_COM_TIM11_IRQHandler            0x080059f1   Thumb Code    10  stm32f4xx_it.o(i.TIM1_TRG_COM_TIM11_IRQHandler)
    TIM1_UP_TIM10_IRQHandler                 0x08005a01   Thumb Code    10  stm32f4xx_it.o(i.TIM1_UP_TIM10_IRQHandler)
    TIM3_IRQHandler                          0x08005a11   Thumb Code    10  stm32f4xx_it.o(i.TIM3_IRQHandler)
    TIM4_IRQHandler                          0x08005a21   Thumb Code    10  stm32f4xx_it.o(i.TIM4_IRQHandler)
    TIM5_IRQHandler                          0x08005a31   Thumb Code    10  stm32f4xx_it.o(i.TIM5_IRQHandler)
    TIM8_BRK_TIM12_IRQHandler                0x08005a41   Thumb Code    16  stm32f4xx_it.o(i.TIM8_BRK_TIM12_IRQHandler)
    TIM8_TRG_COM_TIM14_IRQHandler            0x08005a59   Thumb Code    16  stm32f4xx_it.o(i.TIM8_TRG_COM_TIM14_IRQHandler)
    TIM_Base_SetConfig                       0x08005a71   Thumb Code   186  stm32f4xx_hal_tim.o(i.TIM_Base_SetConfig)
    TIM_CCxChannelCmd                        0x08005b59   Thumb Code    34  stm32f4xx_hal_tim.o(i.TIM_CCxChannelCmd)
    TIM_ETR_SetConfig                        0x08005b7b   Thumb Code    22  stm32f4xx_hal_tim.o(i.TIM_ETR_SetConfig)
    TIM_OC2_SetConfig                        0x08005c15   Thumb Code   114  stm32f4xx_hal_tim.o(i.TIM_OC2_SetConfig)
    TIM_TI1_SetConfig                        0x08005d85   Thumb Code   114  stm32f4xx_hal_tim.o(i.TIM_TI1_SetConfig)
    UART5_IRQHandler                         0x08005eed   Thumb Code    10  stm32f4xx_it.o(i.UART5_IRQHandler)
    UART_Start_Receive_DMA                   0x08006479   Thumb Code   186  stm32f4xx_hal_uart.o(i.UART_Start_Receive_DMA)
    USART1_IRQHandler                        0x0800662d   Thumb Code    30  stm32f4xx_it.o(i.USART1_IRQHandler)
    USART2_IRQHandler                        0x08006651   Thumb Code    30  stm32f4xx_it.o(i.USART2_IRQHandler)
    USART6_IRQHandler                        0x08006675   Thumb Code    30  stm32f4xx_it.o(i.USART6_IRQHandler)
    USB_DMA_printf                           0x08006699   Thumb Code    44  uart_dma.o(i.USB_DMA_printf)
    UartRxData                               0x080066c9   Thumb Code    52  uart_dma.o(i.UartRxData)
    UsageFault_Handler                       0x080066fd   Thumb Code     4  stm32f4xx_it.o(i.UsageFault_Handler)
    VisualIdentityReadTask                   0x08006701   Thumb Code    88  app_visual_identity.o(i.VisualIdentityReadTask)
    __0printf                                0x080067fd   Thumb Code    22  printfa.o(i.__0printf)
    __1printf                                0x080067fd   Thumb Code     0  printfa.o(i.__0printf)
    __2printf                                0x080067fd   Thumb Code     0  printfa.o(i.__0printf)
    __c89printf                              0x080067fd   Thumb Code     0  printfa.o(i.__0printf)
    printf                                   0x080067fd   Thumb Code     0  printfa.o(i.__0printf)
    __0vsnprintf                             0x0800681d   Thumb Code    46  printfa.o(i.__0vsnprintf)
    __1vsnprintf                             0x0800681d   Thumb Code     0  printfa.o(i.__0vsnprintf)
    __2vsnprintf                             0x0800681d   Thumb Code     0  printfa.o(i.__0vsnprintf)
    __c89vsnprintf                           0x0800681d   Thumb Code     0  printfa.o(i.__0vsnprintf)
    vsnprintf                                0x0800681d   Thumb Code     0  printfa.o(i.__0vsnprintf)
    __scatterload_copy                       0x08006889   Thumb Code    14  handlers.o(i.__scatterload_copy)
    __scatterload_null                       0x08006897   Thumb Code     2  handlers.o(i.__scatterload_null)
    __scatterload_zeroinit                   0x08006899   Thumb Code    14  handlers.o(i.__scatterload_zeroinit)
    checkStability                           0x08007149   Thumb Code    62  app_visual_identity.o(i.checkStability)
    delay_us                                 0x08007189   Thumb Code    92  tim.o(i.delay_us)
    fputc                                    0x080071ed   Thumb Code    22  usart.o(i.fputc)
    initDetectionStability                   0x08007209   Thumb Code    26  app_visual_identity.o(i.initDetectionStability)
    main                                     0x08007225   Thumb Code   102  main.o(i.main)
    mapToRange                               0x0800729f   Thumb Code    76  app_sonar.o(i.mapToRange)
    movingAverage                            0x080072ed   Thumb Code    58  app_sonar.o(i.movingAverage)
    osDelay                                  0x0800732d   Thumb Code    24  cmsis_os.o(i.osDelay)
    osKernelStart                            0x08007345   Thumb Code    10  cmsis_os.o(i.osKernelStart)
    osThreadCreate                           0x0800734f   Thumb Code    94  cmsis_os.o(i.osThreadCreate)
    pvPortMalloc                             0x0800782d   Thumb Code   306  heap_4.o(i.pvPortMalloc)
    pxPortInitialiseStack                    0x08007979   Thumb Code    38  port.o(i.pxPortInitialiseStack)
    resetStability                           0x080079a5   Thumb Code    26  app_visual_identity.o(i.resetStability)
    ulTaskNotifyTake                         0x080079c1   Thumb Code   108  tasks.o(i.ulTaskNotifyTake)
    updateRubbishCount                       0x08007a35   Thumb Code   194  app_visual_identity.o(i.updateRubbishCount)
    uxListRemove                             0x08007bb5   Thumb Code    40  list.o(i.uxListRemove)
    vApplicationGetIdleTaskMemory            0x08007bdd   Thumb Code    14  freertos.o(i.vApplicationGetIdleTaskMemory)
    vListInitialise                          0x08007bf5   Thumb Code    26  list.o(i.vListInitialise)
    vListInitialiseItem                      0x08007c0f   Thumb Code     6  list.o(i.vListInitialiseItem)
    vListInsert                              0x08007c15   Thumb Code    52  list.o(i.vListInsert)
    vListInsertEnd                           0x08007c49   Thumb Code    24  list.o(i.vListInsertEnd)
    vPortEnterCritical                       0x08007c61   Thumb Code    76  port.o(i.vPortEnterCritical)
    vPortExitCritical                        0x08007cb5   Thumb Code    56  port.o(i.vPortExitCritical)
    vPortFree                                0x08007cf1   Thumb Code   150  heap_4.o(i.vPortFree)
    vPortSetupTimerInterrupt                 0x08007d95   Thumb Code    36  port.o(i.vPortSetupTimerInterrupt)
    vPortValidateInterruptPriority           0x08007dbd   Thumb Code   106  port.o(i.vPortValidateInterruptPriority)
    vTaskDelay                               0x08007e35   Thumb Code    82  tasks.o(i.vTaskDelay)
    vTaskDelete                              0x08007e91   Thumb Code   202  tasks.o(i.vTaskDelete)
    vTaskNotifyGiveFromISR                   0x08007f85   Thumb Code   214  tasks.o(i.vTaskNotifyGiveFromISR)
    vTaskStartScheduler                      0x08008075   Thumb Code   146  tasks.o(i.vTaskStartScheduler)
    vTaskSuspendAll                          0x08008125   Thumb Code    12  tasks.o(i.vTaskSuspendAll)
    vTaskSwitchContext                       0x08008135   Thumb Code   118  tasks.o(i.vTaskSwitchContext)
    xPortStartScheduler                      0x080081c1   Thumb Code   330  port.o(i.xPortStartScheduler)
    xTaskCreate                              0x08008329   Thumb Code   100  tasks.o(i.xTaskCreate)
    xTaskCreateStatic                        0x0800838d   Thumb Code   186  tasks.o(i.xTaskCreateStatic)
    xTaskGenericNotify                       0x08008449   Thumb Code   280  tasks.o(i.xTaskGenericNotify)
    xTaskIncrementTick                       0x08008571   Thumb Code   282  tasks.o(i.xTaskIncrementTick)
    xTaskResumeAll                           0x080086b9   Thumb Code   224  tasks.o(i.xTaskResumeAll)
    AHBPrescTable                            0x080087e0   Data          16  system_stm32f4xx.o(.constdata)
    APBPrescTable                            0x080087f0   Data           8  system_stm32f4xx.o(.constdata)
    Region$$Table$$Base                      0x08008804   Number         0  anon$$obj.o(Region$$Table)
    Region$$Table$$Limit                     0x08008824   Number         0  anon$$obj.o(Region$$Table)
    SensorTaskHandle                         0x20000000   Data           4  freertos.o(.data)
    ControlTaskHandle                        0x20000004   Data           4  freertos.o(.data)
    ServoControlTaskHandle                   0x20000008   Data           4  freertos.o(.data)
    StepMotorTaskHandle                      0x2000000c   Data           4  freertos.o(.data)
    DCMotorTaskHandle                        0x20000010   Data           4  freertos.o(.data)
    defaultTaskHandle                        0x20000014   Data           4  freertos.o(.data)
    uwTick                                   0x20000018   Data           4  stm32f4xx_hal.o(.data)
    uwTickPrio                               0x2000001c   Data           4  stm32f4xx_hal.o(.data)
    uwTickFreq                               0x20000020   Data           1  stm32f4xx_hal.o(.data)
    SystemCoreClock                          0x20000024   Data           4  system_stm32f4xx.o(.data)
    Sonar1                                   0x20000028   Data          36  sonar_sr04.o(.data)
    Sonar2                                   0x2000004c   Data          36  sonar_sr04.o(.data)
    Sonar3                                   0x20000070   Data          36  sonar_sr04.o(.data)
    Sonar4                                   0x20000094   Data          36  sonar_sr04.o(.data)
    infrared_state1                          0x200000b8   Data           4  opto_switch.o(.data)
    reflective_state1                        0x200000bc   Data           4  opto_switch.o(.data)
    reflective_state2                        0x200000c0   Data           4  opto_switch.o(.data)
    reflective_state3                        0x200000c4   Data           4  opto_switch.o(.data)
    reflective_state4                        0x200000c8   Data           4  opto_switch.o(.data)
    DCmotor1                                 0x200000cc   Data          32  dcmotor.o(.data)
    cloud_terrace_state                      0x200000ec   Data           4  app_servo_motor.o(.data)
    sonar1_values                            0x200000f0   Data          12  app_sonar.o(.data)
    sonar1_index                             0x200000fc   Data           4  app_sonar.o(.data)
    sonar2_values                            0x20000100   Data          12  app_sonar.o(.data)
    sonar2_index                             0x2000010c   Data           4  app_sonar.o(.data)
    sonar3_values                            0x20000110   Data          12  app_sonar.o(.data)
    sonar3_index                             0x2000011c   Data           4  app_sonar.o(.data)
    sonar4_values                            0x20000120   Data          12  app_sonar.o(.data)
    sonar4_index                             0x2000012c   Data           4  app_sonar.o(.data)
    harmful_F                                0x20000130   Data           5  app_sonar.o(.data)
    other_F                                  0x20000135   Data           5  app_sonar.o(.data)
    recover_F                                0x2000013a   Data           5  app_sonar.o(.data)
    kitchen_F                                0x2000013f   Data           5  app_sonar.o(.data)
    Sonar1_full_state                        0x20000144   Data           4  app_sonar.o(.data)
    Sonar2_full_state                        0x20000148   Data           4  app_sonar.o(.data)
    Sonar3_full_state                        0x2000014c   Data           4  app_sonar.o(.data)
    Sonar4_full_state                        0x20000150   Data           4  app_sonar.o(.data)
    full_state                               0x20000154   Data           4  app_sonar.o(.data)
    rubbish_total_num                        0x20000158   Data           4  app_visual_identity.o(.data)
    rubbish_recoverable_num                  0x2000015c   Data           4  app_visual_identity.o(.data)
    rubbish_other_num                        0x20000160   Data           4  app_visual_identity.o(.data)
    rubbish_kitchen_num                      0x20000164   Data           4  app_visual_identity.o(.data)
    rubbish_harmful_num                      0x20000168   Data           4  app_visual_identity.o(.data)
    rubbish_is_detected                      0x2000016c   Data           1  app_visual_identity.o(.data)
    current_rubbish_type                     0x20000170   Data           4  app_visual_identity.o(.data)
    rubbish_type                             0x20000174   Data           4  app_visual_identity.o(.data)
    harmful                                  0x20000178   Data           5  app_visual_identity.o(.data)
    other                                    0x2000017d   Data           5  app_visual_identity.o(.data)
    recover                                  0x20000182   Data           5  app_visual_identity.o(.data)
    kitchen                                  0x20000187   Data           5  app_visual_identity.o(.data)
    state0                                   0x20000190   Data           4  app_opto_switch.o(.data)
    state1                                   0x20000194   Data           4  app_opto_switch.o(.data)
    state2                                   0x20000198   Data           4  app_opto_switch.o(.data)
    pre_state1                               0x2000019c   Data           4  app_opto_switch.o(.data)
    count                                    0x200001a0   Data           4  app_opto_switch.o(.data)
    sendCompleteSign                         0x200001a4   Data           1  uart_dma.o(.data)
    TxLen                                    0x200001a5   Data           1  uart_dma.o(.data)
    USE_UART_DMA                             0x200001a6   Data           1  uart_dma.o(.data)
    pxCurrentTCB                             0x200001a8   Data           4  tasks.o(.data)
    __stdout                                 0x20000210   Data           4  stdout.o(.data)
    hrtc                                     0x20000468   Data          32  rtc.o(.bss)
    htim1                                    0x20000488   Data          72  tim.o(.bss)
    htim3                                    0x200004d0   Data          72  tim.o(.bss)
    htim4                                    0x20000518   Data          72  tim.o(.bss)
    htim5                                    0x20000560   Data          72  tim.o(.bss)
    htim7                                    0x200005a8   Data          72  tim.o(.bss)
    htim8                                    0x200005f0   Data          72  tim.o(.bss)
    htim9                                    0x20000638   Data          72  tim.o(.bss)
    htim12                                   0x20000680   Data          72  tim.o(.bss)
    huart5                                   0x200006c8   Data          72  usart.o(.bss)
    huart1                                   0x20000710   Data          72  usart.o(.bss)
    huart2                                   0x20000758   Data          72  usart.o(.bss)
    huart6                                   0x200007a0   Data          72  usart.o(.bss)
    hdma_uart5_rx                            0x200007e8   Data          96  usart.o(.bss)
    hdma_uart5_tx                            0x20000848   Data          96  usart.o(.bss)
    hdma_usart1_rx                           0x200008a8   Data          96  usart.o(.bss)
    hdma_usart1_tx                           0x20000908   Data          96  usart.o(.bss)
    hdma_usart2_rx                           0x20000968   Data          96  usart.o(.bss)
    hdma_usart2_tx                           0x200009c8   Data          96  usart.o(.bss)
    hdma_usart6_rx                           0x20000a28   Data          96  usart.o(.bss)
    hdma_usart6_tx                           0x20000a88   Data          96  usart.o(.bss)
    htim14                                   0x20000ae8   Data          72  stm32f4xx_hal_timebase_tim.o(.bss)
    Servo1                                   0x20000b30   Data          16  app_servo_motor.o(.bss)
    Servo2                                   0x20000b40   Data          16  app_servo_motor.o(.bss)
    Servo3                                   0x20000b50   Data          16  app_servo_motor.o(.bss)
    Servo4                                   0x20000b60   Data          16  app_servo_motor.o(.bss)
    Motor1                                   0x20000b70   Data          56  app_stepper_motor.o(.bss)
    Motor2                                   0x20000ba8   Data          56  app_stepper_motor.o(.bss)
    Motor3                                   0x20000be0   Data          56  app_stepper_motor.o(.bss)
    Motor4                                   0x20000c18   Data          56  app_stepper_motor.o(.bss)
    Motor5                                   0x20000c50   Data          56  app_stepper_motor.o(.bss)
    ds1                                      0x20000c88   Data          48  app_visual_identity.o(.bss)
    ds2                                      0x20000cb8   Data          48  app_visual_identity.o(.bss)
    RxBuffer                                 0x20000ce8   Data         128  uart_dma.o(.bss)
    TxBuffer                                 0x20000d68   Data         128  uart_dma.o(.bss)
    __initial_sp                             0x20004f78   Data           0  startup_stm32f407xx.o(STACK)



==============================================================================

Memory Map of the image

  Image Entry point : 0x08000189

  Load Region LR_IROM1 (Base: 0x08000000, Size: 0x00008a38, Max: 0x00100000, ABSOLUTE, COMPRESSED[0x000088a0])

    Execution Region ER_IROM1 (Exec base: 0x08000000, Load base: 0x08000000, Size: 0x00008824, Max: 0x00100000, ABSOLUTE)

    Exec Addr    Load Addr    Size         Type   Attr      Idx    E Section Name        Object

    0x08000000   0x08000000   0x00000188   Data   RO            3    RESET               startup_stm32f407xx.o
    0x08000188   0x08000188   0x00000000   Code   RO         5852  * .ARM.Collect$$$$00000000  mc_w.l(entry.o)
    0x08000188   0x08000188   0x00000004   Code   RO         6128    .ARM.Collect$$$$00000001  mc_w.l(entry2.o)
    0x0800018c   0x0800018c   0x00000004   Code   RO         6131    .ARM.Collect$$$$00000004  mc_w.l(entry5.o)
    0x08000190   0x08000190   0x00000000   Code   RO         6133    .ARM.Collect$$$$00000008  mc_w.l(entry7b.o)
    0x08000190   0x08000190   0x00000000   Code   RO         6135    .ARM.Collect$$$$0000000A  mc_w.l(entry8b.o)
    0x08000190   0x08000190   0x00000008   Code   RO         6136    .ARM.Collect$$$$0000000B  mc_w.l(entry9a.o)
    0x08000198   0x08000198   0x00000004   Code   RO         6143    .ARM.Collect$$$$0000000E  mc_w.l(entry12b.o)
    0x0800019c   0x0800019c   0x00000000   Code   RO         6138    .ARM.Collect$$$$0000000F  mc_w.l(entry10a.o)
    0x0800019c   0x0800019c   0x00000000   Code   RO         6140    .ARM.Collect$$$$00000011  mc_w.l(entry11a.o)
    0x0800019c   0x0800019c   0x00000004   Code   RO         6129    .ARM.Collect$$$$00002712  mc_w.l(entry2.o)
    0x080001a0   0x080001a0   0x000000be   Code   RO         5775    .emb_text           port.o
    0x0800025e   0x0800025e   0x00000002   PAD
    0x08000260   0x08000260   0x00000024   Code   RO            4    .text               startup_stm32f407xx.o
    0x08000284   0x08000284   0x00000062   Code   RO         5855    .text               mc_w.l(uldiv.o)
    0x080002e6   0x080002e6   0x00000024   Code   RO         5857    .text               mc_w.l(memcpya.o)
    0x0800030a   0x0800030a   0x00000024   Code   RO         5861    .text               mc_w.l(memseta.o)
    0x0800032e   0x0800032e   0x00000026   Code   RO         6126    .text               mf_w.l(f2d.o)
    0x08000354   0x08000354   0x0000002c   Code   RO         6145    .text               mc_w.l(uidiv.o)
    0x08000380   0x08000380   0x0000001e   Code   RO         6147    .text               mc_w.l(llshl.o)
    0x0800039e   0x0800039e   0x00000020   Code   RO         6149    .text               mc_w.l(llushr.o)
    0x080003be   0x080003be   0x00000000   Code   RO         6151    .text               mc_w.l(iusefp.o)
    0x080003be   0x080003be   0x0000014e   Code   RO         6152    .text               mf_w.l(dadd.o)
    0x0800050c   0x0800050c   0x000000e4   Code   RO         6154    .text               mf_w.l(dmul.o)
    0x080005f0   0x080005f0   0x000000de   Code   RO         6156    .text               mf_w.l(ddiv.o)
    0x080006ce   0x080006ce   0x00000030   Code   RO         6158    .text               mf_w.l(dfixul.o)
    0x080006fe   0x080006fe   0x00000002   PAD
    0x08000700   0x08000700   0x00000030   Code   RO         6160    .text               mf_w.l(cdrcmple.o)
    0x08000730   0x08000730   0x00000024   Code   RO         6162    .text               mc_w.l(init.o)
    0x08000754   0x08000754   0x00000024   Code   RO         6164    .text               mc_w.l(llsshr.o)
    0x08000778   0x08000778   0x000000ba   Code   RO         6166    .text               mf_w.l(depilogue.o)
    0x08000832   0x08000832   0x00000056   Code   RO         6176    .text               mc_w.l(__dczerorl2.o)
    0x08000888   0x08000888   0x00000036   Code   RO         4047    i.APP_DCmotor_Start  dcmotor.o
    0x080008be   0x080008be   0x0000001a   Code   RO         4048    i.APP_DCmotor_Stop  dcmotor.o
    0x080008d8   0x080008d8   0x00000030   Code   RO         4049    i.App_DCmotor_Proc  dcmotor.o
    0x08000908   0x08000908   0x00000044   Code   RO         4087    i.App_Servo_Init    app_servo_motor.o
    0x0800094c   0x0800094c   0x00000090   Code   RO         4088    i.App_Servo_Proc    app_servo_motor.o
    0x080009dc   0x080009dc   0x00000038   Code   RO         4089    i.App_Servo_Reset   app_servo_motor.o
    0x08000a14   0x08000a14   0x00000002   Code   RO         4154    i.App_Sonar_Init    app_sonar.o
    0x08000a16   0x08000a16   0x00000002   PAD
    0x08000a18   0x08000a18   0x0000044c   Code   RO         4155    i.App_Sonar_Proc    app_sonar.o
    0x08000e64   0x08000e64   0x0000003c   Code   RO         4221    i.App_StepperMotor_Proc  app_stepper_motor.o
    0x08000ea0   0x08000ea0   0x0000002c   Code   RO         4223    i.App_StepperMotors_Init  app_stepper_motor.o
    0x08000ecc   0x08000ecc   0x0000001c   Code   RO         4289    i.App_Visual_Identity_Init  app_visual_identity.o
    0x08000ee8   0x08000ee8   0x00000124   Code   RO         4290    i.App_Visual_Identity_Proc  app_visual_identity.o
    0x0800100c   0x0800100c   0x000000e4   Code   RO         4091    i.App_cloud_terrace_state  app_servo_motor.o
    0x080010f0   0x080010f0   0x00000004   Code   RO          601    i.BusFault_Handler  stm32f4xx_it.o
    0x080010f4   0x080010f4   0x00000020   Code   RO          273    i.DCMotorControlTask  freertos.o
    0x08001114   0x08001114   0x00000010   Code   RO          602    i.DMA1_Stream0_IRQHandler  stm32f4xx_it.o
    0x08001124   0x08001124   0x00000010   Code   RO          603    i.DMA1_Stream5_IRQHandler  stm32f4xx_it.o
    0x08001134   0x08001134   0x00000010   Code   RO          604    i.DMA1_Stream6_IRQHandler  stm32f4xx_it.o
    0x08001144   0x08001144   0x00000010   Code   RO          605    i.DMA1_Stream7_IRQHandler  stm32f4xx_it.o
    0x08001154   0x08001154   0x00000010   Code   RO          606    i.DMA2_Stream1_IRQHandler  stm32f4xx_it.o
    0x08001164   0x08001164   0x00000010   Code   RO          607    i.DMA2_Stream2_IRQHandler  stm32f4xx_it.o
    0x08001174   0x08001174   0x00000010   Code   RO          608    i.DMA2_Stream6_IRQHandler  stm32f4xx_it.o
    0x08001184   0x08001184   0x00000010   Code   RO          609    i.DMA2_Stream7_IRQHandler  stm32f4xx_it.o
    0x08001194   0x08001194   0x00000034   Code   RO         1386    i.DMA_CalcBaseAndBitshift  stm32f4xx_hal_dma.o
    0x080011c8   0x080011c8   0x000000aa   Code   RO         1387    i.DMA_CheckFifoParam  stm32f4xx_hal_dma.o
    0x08001272   0x08001272   0x0000002c   Code   RO         1388    i.DMA_SetConfig     stm32f4xx_hal_dma.o
    0x0800129e   0x0800129e   0x00000002   PAD
    0x080012a0   0x080012a0   0x000000b4   Code   RO         4425    i.DataProcess       uart_dma.o
    0x08001354   0x08001354   0x00000002   Code   RO          610    i.DebugMon_Handler  stm32f4xx_it.o
    0x08001356   0x08001356   0x0000000a   Code   RO          611    i.EXTI0_IRQHandler  stm32f4xx_it.o
    0x08001360   0x08001360   0x0000000a   Code   RO          612    i.EXTI1_IRQHandler  stm32f4xx_it.o
    0x0800136a   0x0800136a   0x0000000a   Code   RO          613    i.EXTI2_IRQHandler  stm32f4xx_it.o
    0x08001374   0x08001374   0x0000000a   Code   RO          614    i.EXTI3_IRQHandler  stm32f4xx_it.o
    0x0800137e   0x0800137e   0x0000000a   Code   RO          615    i.EXTI4_IRQHandler  stm32f4xx_it.o
    0x08001388   0x08001388   0x00000006   Code   RO           13    i.Error_Handler     main.o
    0x0800138e   0x0800138e   0x000000ac   Code   RO         1389    i.HAL_DMA_Abort     stm32f4xx_hal_dma.o
    0x0800143a   0x0800143a   0x00000028   Code   RO         1390    i.HAL_DMA_Abort_IT  stm32f4xx_hal_dma.o
    0x08001462   0x08001462   0x00000002   PAD
    0x08001464   0x08001464   0x00000240   Code   RO         1394    i.HAL_DMA_IRQHandler  stm32f4xx_hal_dma.o
    0x080016a4   0x080016a4   0x000000ec   Code   RO         1395    i.HAL_DMA_Init      stm32f4xx_hal_dma.o
    0x08001790   0x08001790   0x00000092   Code   RO         1399    i.HAL_DMA_Start_IT  stm32f4xx_hal_dma.o
    0x08001822   0x08001822   0x00000002   PAD
    0x08001824   0x08001824   0x0000009c   Code   RO         4020    i.HAL_GPIO_EXTI_Callback  opto_switch.o
    0x080018c0   0x080018c0   0x0000001c   Code   RO         1281    i.HAL_GPIO_EXTI_IRQHandler  stm32f4xx_hal_gpio.o
    0x080018dc   0x080018dc   0x000001f4   Code   RO         1282    i.HAL_GPIO_Init     stm32f4xx_hal_gpio.o
    0x08001ad0   0x08001ad0   0x00000010   Code   RO         1284    i.HAL_GPIO_ReadPin  stm32f4xx_hal_gpio.o
    0x08001ae0   0x08001ae0   0x0000000c   Code   RO         1286    i.HAL_GPIO_WritePin  stm32f4xx_hal_gpio.o
    0x08001aec   0x08001aec   0x0000000c   Code   RO         1837    i.HAL_GetTick       stm32f4xx_hal.o
    0x08001af8   0x08001af8   0x00000018   Code   RO         1843    i.HAL_IncTick       stm32f4xx_hal.o
    0x08001b10   0x08001b10   0x0000003c   Code   RO         1844    i.HAL_Init          stm32f4xx_hal.o
    0x08001b4c   0x08001b4c   0x000000b4   Code   RO          843    i.HAL_InitTick      stm32f4xx_hal_timebase_tim.o
    0x08001c00   0x08001c00   0x00000054   Code   RO          819    i.HAL_MspInit       stm32f4xx_hal_msp.o
    0x08001c54   0x08001c54   0x00000028   Code   RO         1674    i.HAL_NVIC_EnableIRQ  stm32f4xx_hal_cortex.o
    0x08001c7c   0x08001c7c   0x0000007c   Code   RO         1680    i.HAL_NVIC_SetPriority  stm32f4xx_hal_cortex.o
    0x08001cf8   0x08001cf8   0x00000028   Code   RO         1681    i.HAL_NVIC_SetPriorityGrouping  stm32f4xx_hal_cortex.o
    0x08001d20   0x08001d20   0x000001a0   Code   RO          988    i.HAL_RCCEx_PeriphCLKConfig  stm32f4xx_hal_rcc_ex.o
    0x08001ec0   0x08001ec0   0x00000184   Code   RO          883    i.HAL_RCC_ClockConfig  stm32f4xx_hal_rcc.o
    0x08002044   0x08002044   0x00000044   Code   RO          887    i.HAL_RCC_GetClockConfig  stm32f4xx_hal_rcc.o
    0x08002088   0x08002088   0x0000000c   Code   RO          888    i.HAL_RCC_GetHCLKFreq  stm32f4xx_hal_rcc.o
    0x08002094   0x08002094   0x00000020   Code   RO          890    i.HAL_RCC_GetPCLK1Freq  stm32f4xx_hal_rcc.o
    0x080020b4   0x080020b4   0x00000020   Code   RO          891    i.HAL_RCC_GetPCLK2Freq  stm32f4xx_hal_rcc.o
    0x080020d4   0x080020d4   0x000000b0   Code   RO          892    i.HAL_RCC_GetSysClockFreq  stm32f4xx_hal_rcc.o
    0x08002184   0x08002184   0x0000049c   Code   RO          895    i.HAL_RCC_OscConfig  stm32f4xx_hal_rcc.o
    0x08002620   0x08002620   0x000000b4   Code   RO         2095    i.HAL_RTC_Init      stm32f4xx_hal_rtc.o
    0x080026d4   0x080026d4   0x0000003c   Code   RO          377    i.HAL_RTC_MspInit   rtc.o
    0x08002710   0x08002710   0x00000038   Code   RO         2103    i.HAL_RTC_WaitForSynchro  stm32f4xx_hal_rtc.o
    0x08002748   0x08002748   0x00000002   Code   RO         3201    i.HAL_TIMEx_BreakCallback  stm32f4xx_hal_tim_ex.o
    0x0800274a   0x0800274a   0x00000002   Code   RO         3202    i.HAL_TIMEx_CommutCallback  stm32f4xx_hal_tim_ex.o
    0x0800274c   0x0800274c   0x00000074   Code   RO         3204    i.HAL_TIMEx_ConfigBreakDeadTime  stm32f4xx_hal_tim_ex.o
    0x080027c0   0x080027c0   0x000000b4   Code   RO         3220    i.HAL_TIMEx_MasterConfigSynchronization  stm32f4xx_hal_tim_ex.o
    0x08002874   0x08002874   0x00000066   Code   RO         2486    i.HAL_TIM_Base_Init  stm32f4xx_hal_tim.o
    0x080028da   0x080028da   0x00000002   PAD
    0x080028dc   0x080028dc   0x000001c4   Code   RO          419    i.HAL_TIM_Base_MspInit  tim.o
    0x08002aa0   0x08002aa0   0x000000a8   Code   RO         2491    i.HAL_TIM_Base_Start_IT  stm32f4xx_hal_tim.o
    0x08002b48   0x08002b48   0x0000010c   Code   RO         2495    i.HAL_TIM_ConfigClockSource  stm32f4xx_hal_tim.o
    0x08002c54   0x08002c54   0x00000002   Code   RO         2520    i.HAL_TIM_IC_CaptureCallback  stm32f4xx_hal_tim.o
    0x08002c56   0x08002c56   0x000000de   Code   RO         2522    i.HAL_TIM_IC_ConfigChannel  stm32f4xx_hal_tim.o
    0x08002d34   0x08002d34   0x00000066   Code   RO         2525    i.HAL_TIM_IC_Init   stm32f4xx_hal_tim.o
    0x08002d9a   0x08002d9a   0x00000002   PAD
    0x08002d9c   0x08002d9c   0x00000190   Code   RO          421    i.HAL_TIM_IC_MspInit  tim.o
    0x08002f2c   0x08002f2c   0x0000013c   Code   RO         2528    i.HAL_TIM_IC_Start  stm32f4xx_hal_tim.o
    0x08003068   0x08003068   0x0000008a   Code   RO         2531    i.HAL_TIM_IC_Stop   stm32f4xx_hal_tim.o
    0x080030f2   0x080030f2   0x0000016c   Code   RO         2534    i.HAL_TIM_IRQHandler  stm32f4xx_hal_tim.o
    0x0800325e   0x0800325e   0x00000002   PAD
    0x08003260   0x08003260   0x00000118   Code   RO          422    i.HAL_TIM_MspPostInit  tim.o
    0x08003378   0x08003378   0x00000070   Code   RO         2535    i.HAL_TIM_OC_ConfigChannel  stm32f4xx_hal_tim.o
    0x080033e8   0x080033e8   0x000000e0   Code   RO         4224    i.HAL_TIM_OC_DelayElapsedCallback  app_stepper_motor.o
    0x080034c8   0x080034c8   0x00000066   Code   RO         2539    i.HAL_TIM_OC_Init   stm32f4xx_hal_tim.o
    0x0800352e   0x0800352e   0x00000002   Code   RO         2541    i.HAL_TIM_OC_MspInit  stm32f4xx_hal_tim.o
    0x08003530   0x08003530   0x00000160   Code   RO         2544    i.HAL_TIM_OC_Start_IT  stm32f4xx_hal_tim.o
    0x08003690   0x08003690   0x000000fc   Code   RO         2547    i.HAL_TIM_OC_Stop_IT  stm32f4xx_hal_tim.o
    0x0800378c   0x0800378c   0x00000104   Code   RO         2558    i.HAL_TIM_PWM_ConfigChannel  stm32f4xx_hal_tim.o
    0x08003890   0x08003890   0x00000066   Code   RO         2561    i.HAL_TIM_PWM_Init  stm32f4xx_hal_tim.o
    0x080038f6   0x080038f6   0x00000002   Code   RO         2563    i.HAL_TIM_PWM_MspInit  stm32f4xx_hal_tim.o
    0x080038f8   0x080038f8   0x00000002   Code   RO         2564    i.HAL_TIM_PWM_PulseFinishedCallback  stm32f4xx_hal_tim.o
    0x080038fa   0x080038fa   0x00000002   PAD
    0x080038fc   0x080038fc   0x0000010c   Code   RO         2566    i.HAL_TIM_PWM_Start  stm32f4xx_hal_tim.o
    0x08003a08   0x08003a08   0x000000a8   Code   RO         2569    i.HAL_TIM_PWM_Stop  stm32f4xx_hal_tim.o
    0x08003ab0   0x08003ab0   0x00000018   Code   RO           14    i.HAL_TIM_PeriodElapsedCallback  main.o
    0x08003ac8   0x08003ac8   0x00000002   Code   RO         2577    i.HAL_TIM_TriggerCallback  stm32f4xx_hal_tim.o
    0x08003aca   0x08003aca   0x00000002   Code   RO         3480    i.HAL_UARTEx_RxEventCallback  stm32f4xx_hal_uart.o
    0x08003acc   0x08003acc   0x0000008a   Code   RO         3492    i.HAL_UART_DMAStop  stm32f4xx_hal_uart.o
    0x08003b56   0x08003b56   0x00000002   Code   RO         3494    i.HAL_UART_ErrorCallback  stm32f4xx_hal_uart.o
    0x08003b58   0x08003b58   0x000002e8   Code   RO         3497    i.HAL_UART_IRQHandler  stm32f4xx_hal_uart.o
    0x08003e40   0x08003e40   0x0000002e   Code   RO         4426    i.HAL_UART_IdleCallback  uart_dma.o
    0x08003e6e   0x08003e6e   0x00000076   Code   RO         3498    i.HAL_UART_Init     stm32f4xx_hal_uart.o
    0x08003ee4   0x08003ee4   0x000004d0   Code   RO          530    i.HAL_UART_MspInit  usart.o
    0x080043b4   0x080043b4   0x0000002c   Code   RO         3502    i.HAL_UART_Receive_DMA  stm32f4xx_hal_uart.o
    0x080043e0   0x080043e0   0x00000012   Code   RO         4427    i.HAL_UART_RxCpltCallback  uart_dma.o
    0x080043f2   0x080043f2   0x00000002   Code   RO         3505    i.HAL_UART_RxHalfCpltCallback  stm32f4xx_hal_uart.o
    0x080043f4   0x080043f4   0x000000be   Code   RO         3506    i.HAL_UART_Transmit  stm32f4xx_hal_uart.o
    0x080044b2   0x080044b2   0x00000002   PAD
    0x080044b4   0x080044b4   0x0000008c   Code   RO         3507    i.HAL_UART_Transmit_DMA  stm32f4xx_hal_uart.o
    0x08004540   0x08004540   0x0000000c   Code   RO         4428    i.HAL_UART_TxCpltCallback  uart_dma.o
    0x0800454c   0x0800454c   0x00000002   Code   RO         3510    i.HAL_UART_TxHalfCpltCallback  stm32f4xx_hal_uart.o
    0x0800454e   0x0800454e   0x00000004   Code   RO          616    i.HardFault_Handler  stm32f4xx_it.o
    0x08004552   0x08004552   0x00000002   PAD
    0x08004554   0x08004554   0x000000c8   Code   RO          352    i.MX_DMA_Init       dma.o
    0x0800461c   0x0800461c   0x00000028   Code   RO          274    i.MX_FREERTOS_Init  freertos.o
    0x08004644   0x08004644   0x00000304   Code   RO          249    i.MX_GPIO_Init      gpio.o
    0x08004948   0x08004948   0x00000034   Code   RO          378    i.MX_RTC_Init       rtc.o
    0x0800497c   0x0800497c   0x000000a0   Code   RO          423    i.MX_TIM12_Init     tim.o
    0x08004a1c   0x08004a1c   0x00000184   Code   RO          424    i.MX_TIM1_Init      tim.o
    0x08004ba0   0x08004ba0   0x00000090   Code   RO          425    i.MX_TIM3_Init      tim.o
    0x08004c30   0x08004c30   0x00000090   Code   RO          426    i.MX_TIM4_Init      tim.o
    0x08004cc0   0x08004cc0   0x0000008c   Code   RO          427    i.MX_TIM5_Init      tim.o
    0x08004d4c   0x08004d4c   0x0000004c   Code   RO          428    i.MX_TIM7_Init      tim.o
    0x08004d98   0x08004d98   0x00000108   Code   RO          429    i.MX_TIM8_Init      tim.o
    0x08004ea0   0x08004ea0   0x0000009c   Code   RO          430    i.MX_TIM9_Init      tim.o
    0x08004f3c   0x08004f3c   0x00000038   Code   RO          531    i.MX_UART5_Init     usart.o
    0x08004f74   0x08004f74   0x00000038   Code   RO          532    i.MX_USART1_UART_Init  usart.o
    0x08004fac   0x08004fac   0x00000038   Code   RO          533    i.MX_USART2_UART_Init  usart.o
    0x08004fe4   0x08004fe4   0x00000038   Code   RO          534    i.MX_USART6_UART_Init  usart.o
    0x0800501c   0x0800501c   0x00000004   Code   RO          617    i.MemManage_Handler  stm32f4xx_it.o
    0x08005020   0x08005020   0x00000004   Code   RO          618    i.NMI_Handler       stm32f4xx_it.o
    0x08005024   0x08005024   0x00000008   Code   RO         4391    i.OPTOswitchReadTask  app_opto_switch.o
    0x0800502c   0x0800502c   0x00000050   Code   RO         4392    i.OPTOswitch_Proc   app_opto_switch.o
    0x0800507c   0x0800507c   0x0000001c   Code   RO         4429    i.ProcessData       uart_dma.o
    0x08005098   0x08005098   0x0000004a   Code   RO         2106    i.RTC_EnterInitMode  stm32f4xx_hal_rtc.o
    0x080050e2   0x080050e2   0x0000002e   Code   RO         2107    i.RTC_ExitInitMode  stm32f4xx_hal_rtc.o
    0x08005110   0x08005110   0x00000070   Code   RO         4291    i.RubbishWav        app_visual_identity.o
    0x08005180   0x08005180   0x00000070   Code   RO         4157    i.RubbishWav_F      app_sonar.o
    0x080051f0   0x080051f0   0x00000016   Code   RO         4092    i.ServoControlTask  app_servo_motor.o
    0x08005206   0x08005206   0x0000002a   Code   RO         3878    i.Servo_Init        servo_motor.o
    0x08005230   0x08005230   0x0000005e   Code   RO         3880    i.Servo_SetAngleCustomRange  servo_motor.o
    0x0800528e   0x0800528e   0x00000016   Code   RO         4158    i.SonarReadTask     app_sonar.o
    0x080052a4   0x080052a4   0x0000014c   Code   RO         3914    i.Sonar_GetDistance  sonar_sr04.o
    0x080053f0   0x080053f0   0x0000003c   Code   RO         3916    i.Sonar_clearData   sonar_sr04.o
    0x0800542c   0x0800542c   0x00000170   Code   RO          275    i.StartControlTask  freertos.o
    0x0800559c   0x0800559c   0x00000104   Code   RO          276    i.StartDefaultTask  freertos.o
    0x080056a0   0x080056a0   0x00000164   Code   RO          277    i.StartSensorTask   freertos.o
    0x08005804   0x08005804   0x00000020   Code   RO         4430    i.StartUartRxDMA    uart_dma.o
    0x08005824   0x08005824   0x0000001c   Code   RO         4225    i.StepMotorControlTask  app_stepper_motor.o
    0x08005840   0x08005840   0x00000052   Code   RO         3957    i.StepperMotor_Init  stepper_motor.o
    0x08005892   0x08005892   0x0000001a   Code   RO         3959    i.StepperMotor_Start  stepper_motor.o
    0x080058ac   0x080058ac   0x00000016   Code   RO         3960    i.StepperMotor_Stop  stepper_motor.o
    0x080058c2   0x080058c2   0x00000002   PAD
    0x080058c4   0x080058c4   0x00000034   Code   RO         5776    i.SysTick_Handler   port.o
    0x080058f8   0x080058f8   0x000000bc   Code   RO           15    i.SystemClock_Config  main.o
    0x080059b4   0x080059b4   0x00000014   Code   RO         3842    i.SystemInit        system_stm32f4xx.o
    0x080059c8   0x080059c8   0x00000018   Code   RO          619    i.TIM1_BRK_TIM9_IRQHandler  stm32f4xx_it.o
    0x080059e0   0x080059e0   0x00000010   Code   RO          620    i.TIM1_CC_IRQHandler  stm32f4xx_it.o
    0x080059f0   0x080059f0   0x00000010   Code   RO          621    i.TIM1_TRG_COM_TIM11_IRQHandler  stm32f4xx_it.o
    0x08005a00   0x08005a00   0x00000010   Code   RO          622    i.TIM1_UP_TIM10_IRQHandler  stm32f4xx_it.o
    0x08005a10   0x08005a10   0x00000010   Code   RO          623    i.TIM3_IRQHandler   stm32f4xx_it.o
    0x08005a20   0x08005a20   0x00000010   Code   RO          624    i.TIM4_IRQHandler   stm32f4xx_it.o
    0x08005a30   0x08005a30   0x00000010   Code   RO          625    i.TIM5_IRQHandler   stm32f4xx_it.o
    0x08005a40   0x08005a40   0x00000018   Code   RO          626    i.TIM8_BRK_TIM12_IRQHandler  stm32f4xx_it.o
    0x08005a58   0x08005a58   0x00000018   Code   RO          627    i.TIM8_TRG_COM_TIM14_IRQHandler  stm32f4xx_it.o
    0x08005a70   0x08005a70   0x000000e8   Code   RO         2579    i.TIM_Base_SetConfig  stm32f4xx_hal_tim.o
    0x08005b58   0x08005b58   0x00000022   Code   RO         2580    i.TIM_CCxChannelCmd  stm32f4xx_hal_tim.o
    0x08005b7a   0x08005b7a   0x00000016   Code   RO         2590    i.TIM_ETR_SetConfig  stm32f4xx_hal_tim.o
    0x08005b90   0x08005b90   0x00000012   Code   RO         2591    i.TIM_ITRx_SetConfig  stm32f4xx_hal_tim.o
    0x08005ba2   0x08005ba2   0x00000002   PAD
    0x08005ba4   0x08005ba4   0x00000070   Code   RO         2592    i.TIM_OC1_SetConfig  stm32f4xx_hal_tim.o
    0x08005c14   0x08005c14   0x0000007c   Code   RO         2593    i.TIM_OC2_SetConfig  stm32f4xx_hal_tim.o
    0x08005c90   0x08005c90   0x00000078   Code   RO         2594    i.TIM_OC3_SetConfig  stm32f4xx_hal_tim.o
    0x08005d08   0x08005d08   0x00000054   Code   RO         2595    i.TIM_OC4_SetConfig  stm32f4xx_hal_tim.o
    0x08005d5c   0x08005d5c   0x00000026   Code   RO         2597    i.TIM_TI1_ConfigInputStage  stm32f4xx_hal_tim.o
    0x08005d82   0x08005d82   0x00000002   PAD
    0x08005d84   0x08005d84   0x00000090   Code   RO         2598    i.TIM_TI1_SetConfig  stm32f4xx_hal_tim.o
    0x08005e14   0x08005e14   0x00000028   Code   RO         2599    i.TIM_TI2_ConfigInputStage  stm32f4xx_hal_tim.o
    0x08005e3c   0x08005e3c   0x0000003a   Code   RO         2600    i.TIM_TI2_SetConfig  stm32f4xx_hal_tim.o
    0x08005e76   0x08005e76   0x00000038   Code   RO         2601    i.TIM_TI3_SetConfig  stm32f4xx_hal_tim.o
    0x08005eae   0x08005eae   0x0000003c   Code   RO         2602    i.TIM_TI4_SetConfig  stm32f4xx_hal_tim.o
    0x08005eea   0x08005eea   0x00000002   PAD
    0x08005eec   0x08005eec   0x00000010   Code   RO          628    i.UART5_IRQHandler  stm32f4xx_it.o
    0x08005efc   0x08005efc   0x00000014   Code   RO         3511    i.UART_DMAAbortOnError  stm32f4xx_hal_uart.o
    0x08005f10   0x08005f10   0x00000050   Code   RO         3512    i.UART_DMAError     stm32f4xx_hal_uart.o
    0x08005f60   0x08005f60   0x000000b4   Code   RO         3513    i.UART_DMAReceiveCplt  stm32f4xx_hal_uart.o
    0x08006014   0x08006014   0x00000024   Code   RO         3515    i.UART_DMARxHalfCplt  stm32f4xx_hal_uart.o
    0x08006038   0x08006038   0x00000058   Code   RO         3517    i.UART_DMATransmitCplt  stm32f4xx_hal_uart.o
    0x08006090   0x08006090   0x0000000e   Code   RO         3519    i.UART_DMATxHalfCplt  stm32f4xx_hal_uart.o
    0x0800609e   0x0800609e   0x0000006c   Code   RO         3521    i.UART_EndRxTransfer  stm32f4xx_hal_uart.o
    0x0800610a   0x0800610a   0x00000020   Code   RO         3522    i.UART_EndTransmit_IT  stm32f4xx_hal_uart.o
    0x0800612a   0x0800612a   0x00000026   Code   RO         3523    i.UART_EndTxTransfer  stm32f4xx_hal_uart.o
    0x08006150   0x08006150   0x000000fc   Code   RO         3524    i.UART_Receive_IT   stm32f4xx_hal_uart.o
    0x0800624c   0x0800624c   0x0000022c   Code   RO         3525    i.UART_SetConfig    stm32f4xx_hal_uart.o
    0x08006478   0x08006478   0x000000c8   Code   RO         3526    i.UART_Start_Receive_DMA  stm32f4xx_hal_uart.o
    0x08006540   0x08006540   0x00000060   Code   RO         3528    i.UART_Transmit_IT  stm32f4xx_hal_uart.o
    0x080065a0   0x080065a0   0x0000008c   Code   RO         3529    i.UART_WaitOnFlagUntilTimeout  stm32f4xx_hal_uart.o
    0x0800662c   0x0800662c   0x00000024   Code   RO          629    i.USART1_IRQHandler  stm32f4xx_it.o
    0x08006650   0x08006650   0x00000024   Code   RO          630    i.USART2_IRQHandler  stm32f4xx_it.o
    0x08006674   0x08006674   0x00000024   Code   RO          631    i.USART6_IRQHandler  stm32f4xx_it.o
    0x08006698   0x08006698   0x00000030   Code   RO         4432    i.USB_DMA_printf    uart_dma.o
    0x080066c8   0x080066c8   0x00000034   Code   RO         4434    i.UartRxData        uart_dma.o
    0x080066fc   0x080066fc   0x00000004   Code   RO          632    i.UsageFault_Handler  stm32f4xx_it.o
    0x08006700   0x08006700   0x000000fc   Code   RO         4292    i.VisualIdentityReadTask  app_visual_identity.o
    0x080067fc   0x080067fc   0x00000020   Code   RO         6098    i.__0printf         mc_w.l(printfa.o)
    0x0800681c   0x0800681c   0x00000034   Code   RO         6103    i.__0vsnprintf      mc_w.l(printfa.o)
    0x08006850   0x08006850   0x00000010   Code   RO         1687    i.__NVIC_GetPriorityGrouping  stm32f4xx_hal_cortex.o
    0x08006860   0x08006860   0x00000028   Code   RO         1688    i.__NVIC_SetPriority  stm32f4xx_hal_cortex.o
    0x08006888   0x08006888   0x0000000e   Code   RO         6170    i.__scatterload_copy  mc_w.l(handlers.o)
    0x08006896   0x08006896   0x00000002   Code   RO         6171    i.__scatterload_null  mc_w.l(handlers.o)
    0x08006898   0x08006898   0x0000000e   Code   RO         6172    i.__scatterload_zeroinit  mc_w.l(handlers.o)
    0x080068a6   0x080068a6   0x00000002   PAD
    0x080068a8   0x080068a8   0x00000184   Code   RO         6105    i._fp_digits        mc_w.l(printfa.o)
    0x08006a2c   0x08006a2c   0x000006b4   Code   RO         6106    i._printf_core      mc_w.l(printfa.o)
    0x080070e0   0x080070e0   0x00000024   Code   RO         6107    i._printf_post_padding  mc_w.l(printfa.o)
    0x08007104   0x08007104   0x0000002e   Code   RO         6108    i._printf_pre_padding  mc_w.l(printfa.o)
    0x08007132   0x08007132   0x00000016   Code   RO         6109    i._snputc           mc_w.l(printfa.o)
    0x08007148   0x08007148   0x0000003e   Code   RO         4293    i.checkStability    app_visual_identity.o
    0x08007186   0x08007186   0x00000002   PAD
    0x08007188   0x08007188   0x00000064   Code   RO          431    i.delay_us          tim.o
    0x080071ec   0x080071ec   0x0000001c   Code   RO          536    i.fputc             usart.o
    0x08007208   0x08007208   0x0000001a   Code   RO         4294    i.initDetectionStability  app_visual_identity.o
    0x08007222   0x08007222   0x00000002   PAD
    0x08007224   0x08007224   0x0000006c   Code   RO           16    i.main              main.o
    0x08007290   0x08007290   0x0000000e   Code   RO         5341    i.makeFreeRtosPriority  cmsis_os.o
    0x0800729e   0x0800729e   0x0000004c   Code   RO         4159    i.mapToRange        app_sonar.o
    0x080072ea   0x080072ea   0x00000002   PAD
    0x080072ec   0x080072ec   0x00000040   Code   RO         4160    i.movingAverage     app_sonar.o
    0x0800732c   0x0800732c   0x00000018   Code   RO         5343    i.osDelay           cmsis_os.o
    0x08007344   0x08007344   0x0000000a   Code   RO         5346    i.osKernelStart     cmsis_os.o
    0x0800734e   0x0800734e   0x0000005e   Code   RO         5380    i.osThreadCreate    cmsis_os.o
    0x080073ac   0x080073ac   0x00000098   Code   RO         5012    i.prvAddCurrentTaskToDelayedList  tasks.o
    0x08007444   0x08007444   0x000000b4   Code   RO         5013    i.prvAddNewTaskToReadyList  tasks.o
    0x080074f8   0x080074f8   0x00000048   Code   RO         5014    i.prvCheckTasksWaitingTermination  tasks.o
    0x08007540   0x08007540   0x00000050   Code   RO         5015    i.prvDeleteTCB      tasks.o
    0x08007590   0x08007590   0x0000007c   Code   RO         5708    i.prvHeapInit       heap_4.o
    0x0800760c   0x0800760c   0x00000028   Code   RO         5016    i.prvIdleTask       tasks.o
    0x08007634   0x08007634   0x000000b4   Code   RO         5017    i.prvInitialiseNewTask  tasks.o
    0x080076e8   0x080076e8   0x00000068   Code   RO         5018    i.prvInitialiseTaskLists  tasks.o
    0x08007750   0x08007750   0x00000068   Code   RO         5709    i.prvInsertBlockIntoFreeList  heap_4.o
    0x080077b8   0x080077b8   0x00000034   Code   RO         5019    i.prvResetNextTaskUnblockTime  tasks.o
    0x080077ec   0x080077ec   0x00000040   Code   RO         5777    i.prvTaskExitError  port.o
    0x0800782c   0x0800782c   0x0000014c   Code   RO         5710    i.pvPortMalloc      heap_4.o
    0x08007978   0x08007978   0x0000002c   Code   RO         5778    i.pxPortInitialiseStack  port.o
    0x080079a4   0x080079a4   0x0000001a   Code   RO         4295    i.resetStability    app_visual_identity.o
    0x080079be   0x080079be   0x00000002   PAD
    0x080079c0   0x080079c0   0x00000074   Code   RO         5022    i.ulTaskNotifyTake  tasks.o
    0x08007a34   0x08007a34   0x00000180   Code   RO         4296    i.updateRubbishCount  app_visual_identity.o
    0x08007bb4   0x08007bb4   0x00000028   Code   RO         4626    i.uxListRemove      list.o
    0x08007bdc   0x08007bdc   0x00000018   Code   RO          278    i.vApplicationGetIdleTaskMemory  freertos.o
    0x08007bf4   0x08007bf4   0x0000001a   Code   RO         4627    i.vListInitialise   list.o
    0x08007c0e   0x08007c0e   0x00000006   Code   RO         4628    i.vListInitialiseItem  list.o
    0x08007c14   0x08007c14   0x00000034   Code   RO         4629    i.vListInsert       list.o
    0x08007c48   0x08007c48   0x00000018   Code   RO         4630    i.vListInsertEnd    list.o
    0x08007c60   0x08007c60   0x00000054   Code   RO         5780    i.vPortEnterCritical  port.o
    0x08007cb4   0x08007cb4   0x0000003c   Code   RO         5781    i.vPortExitCritical  port.o
    0x08007cf0   0x08007cf0   0x000000a4   Code   RO         5711    i.vPortFree         heap_4.o
    0x08007d94   0x08007d94   0x00000028   Code   RO         5782    i.vPortSetupTimerInterrupt  port.o
    0x08007dbc   0x08007dbc   0x00000078   Code   RO         5783    i.vPortValidateInterruptPriority  port.o
    0x08007e34   0x08007e34   0x0000005c   Code   RO         5028    i.vTaskDelay        tasks.o
    0x08007e90   0x08007e90   0x000000f4   Code   RO         5029    i.vTaskDelete       tasks.o
    0x08007f84   0x08007f84   0x000000f0   Code   RO         5033    i.vTaskNotifyGiveFromISR  tasks.o
    0x08008074   0x08008074   0x000000b0   Code   RO         5041    i.vTaskStartScheduler  tasks.o
    0x08008124   0x08008124   0x00000010   Code   RO         5043    i.vTaskSuspendAll   tasks.o
    0x08008134   0x08008134   0x0000008c   Code   RO         5044    i.vTaskSwitchContext  tasks.o
    0x080081c0   0x080081c0   0x00000168   Code   RO         5784    i.xPortStartScheduler  port.o
    0x08008328   0x08008328   0x00000064   Code   RO         5047    i.xTaskCreate       tasks.o
    0x0800838c   0x0800838c   0x000000ba   Code   RO         5048    i.xTaskCreateStatic  tasks.o
    0x08008446   0x08008446   0x00000002   PAD
    0x08008448   0x08008448   0x00000128   Code   RO         5049    i.xTaskGenericNotify  tasks.o
    0x08008570   0x08008570   0x00000148   Code   RO         5055    i.xTaskIncrementTick  tasks.o
    0x080086b8   0x080086b8   0x00000104   Code   RO         5061    i.xTaskResumeAll    tasks.o
    0x080087bc   0x080087bc   0x0000001c   Data   RO          280    .constdata          freertos.o
    0x080087d8   0x080087d8   0x00000008   Data   RO         1401    .constdata          stm32f4xx_hal_dma.o
    0x080087e0   0x080087e0   0x00000018   Data   RO         3843    .constdata          system_stm32f4xx.o
    0x080087f8   0x080087f8   0x0000000c   Data   RO          281    .conststring        freertos.o
    0x08008804   0x08008804   0x00000020   Data   RO         6168    Region$$Table       anon$$obj.o


    Execution Region RW_IRAM1 (Exec base: 0x20000000, Load base: 0x08008824, Size: 0x00004f78, Max: 0x0001c000, ABSOLUTE, COMPRESSED[0x0000007c])

    Exec Addr    Load Addr    Size         Type   Attr      Idx    E Section Name        Object

    0x20000000   COMPRESSED   0x00000018   Data   RW          282    .data               freertos.o
    0x20000018   COMPRESSED   0x00000009   Data   RW         1851    .data               stm32f4xx_hal.o
    0x20000021   COMPRESSED   0x00000003   PAD
    0x20000024   COMPRESSED   0x00000004   Data   RW         3844    .data               system_stm32f4xx.o
    0x20000028   COMPRESSED   0x00000090   Data   RW         3917    .data               sonar_sr04.o
    0x200000b8   COMPRESSED   0x00000014   Data   RW         4021    .data               opto_switch.o
    0x200000cc   COMPRESSED   0x00000020   Data   RW         4050    .data               dcmotor.o
    0x200000ec   COMPRESSED   0x00000004   Data   RW         4094    .data               app_servo_motor.o
    0x200000f0   COMPRESSED   0x00000068   Data   RW         4161    .data               app_sonar.o
    0x20000158   COMPRESSED   0x00000038   Data   RW         4298    .data               app_visual_identity.o
    0x20000190   COMPRESSED   0x00000014   Data   RW         4393    .data               app_opto_switch.o
    0x200001a4   COMPRESSED   0x00000003   Data   RW         4437    .data               uart_dma.o
    0x200001a7   COMPRESSED   0x00000001   PAD
    0x200001a8   COMPRESSED   0x0000003c   Data   RW         5064    .data               tasks.o
    0x200001e4   COMPRESSED   0x00000020   Data   RW         5717    .data               heap_4.o
    0x20000204   COMPRESSED   0x0000000c   Data   RW         5785    .data               port.o
    0x20000210   COMPRESSED   0x00000004   Data   RW         6144    .data               mc_w.l(stdout.o)
    0x20000214        -       0x00000254   Zero   RW          279    .bss                freertos.o
    0x20000468        -       0x00000020   Zero   RW          379    .bss                rtc.o
    0x20000488        -       0x00000240   Zero   RW          432    .bss                tim.o
    0x200006c8        -       0x00000420   Zero   RW          537    .bss                usart.o
    0x20000ae8        -       0x00000048   Zero   RW          846    .bss                stm32f4xx_hal_timebase_tim.o
    0x20000b30        -       0x00000040   Zero   RW         4093    .bss                app_servo_motor.o
    0x20000b70        -       0x00000118   Zero   RW         4226    .bss                app_stepper_motor.o
    0x20000c88        -       0x00000060   Zero   RW         4297    .bss                app_visual_identity.o
    0x20000ce8        -       0x00000100   Zero   RW         4436    .bss                uart_dma.o
    0x20000de8        -       0x00000190   Zero   RW         5063    .bss                tasks.o
    0x20000f78        -       0x00003c00   Zero   RW         5716    .bss                heap_4.o
    0x20004b78        -       0x00000400   Zero   RW            1    STACK               startup_stm32f407xx.o


    Execution Region RW_IRAM2 (Exec base: 0x2001c000, Load base: 0x080088a0, Size: 0x00000000, Max: 0x00004000, ABSOLUTE)

    **** No section assigned to this execution region ****


==============================================================================

Image component sizes


      Code (inc. data)   RO Data    RW Data    ZI Data      Debug   Object Name

        88         18          0         20          0       1515   app_opto_switch.o
       518         68          0          4         64       3403   app_servo_motor.o
      1376        476          0        104          0       6038   app_sonar.o
       356         56          0          0        280       4084   app_stepper_motor.o
      1182        480          0         56         96       7317   app_visual_identity.o
       142          0          0          0          0      23275   cmsis_os.o
       128          6          0         32          0       2657   dcmotor.o
       200          6          0          0          0        926   dma.o
         0          0          0          0          0      16984   event_groups.o
      1080        654         40         24        596       7175   freertos.o
       772         32          0          0          0       1499   gpio.o
       724         74          0         32      15360       7651   heap_4.o
       148          0          0          0          0       3766   list.o
       326         22          0          0          0     741132   main.o
       156         22          0         20          0       1415   opto_switch.o
      1014         92          0         12          0      12437   port.o
       112         20          0          0         32       1675   rtc.o
       136          0          0          0          0       2093   servo_motor.o
       392         14          0        144          0       2328   sonar_sr04.o
        36          8        392          0       1024        868   startup_stm32f407xx.o
       130          0          0          0          0       2771   stepper_motor.o
        96         20          0          9          0       8278   stm32f4xx_hal.o
       260         22          0          0          0      33754   stm32f4xx_hal_cortex.o
      1436         16          8          0          0       7326   stm32f4xx_hal_dma.o
       556         50          0          0          0       3586   stm32f4xx_hal_gpio.o
        84          6          0          0          0        926   stm32f4xx_hal_msp.o
      1888         94          0          0          0       6529   stm32f4xx_hal_rcc.o
       416         20          0          0          0       1472   stm32f4xx_hal_rcc_ex.o
       356          8          0          0          0       3455   stm32f4xx_hal_rtc.o
      4448        244          0          0          0      28456   stm32f4xx_hal_tim.o
       300         30          0          0          0       3521   stm32f4xx_hal_tim_ex.o
       180         20          0          0         72       1572   stm32f4xx_hal_timebase_tim.o
      3222         40          0          0          0      19947   stm32f4xx_hal_uart.o
       492        132          0          0          0      16992   stm32f4xx_it.o
         0          0          0          0          0        384   stream_buffer.o
        20          6         24          4          0       1231   system_stm32f4xx.o
      3054        368          0         60        400      25432   tasks.o
      2704        160          0          0        576      10133   tim.o
       416         58          0          3        256       6961   uart_dma.o
      1484        132          0          0       1056       5477   usart.o

    ----------------------------------------------------------------------
     30468       3474        496        528      19812    1036441   Object Totals
         0          0         32          0          0          0   (incl. Generated)
        40          0          0          4          0          0   (incl. Padding)

    ----------------------------------------------------------------------

      Code (inc. data)   RO Data    RW Data    ZI Data      Debug   Library Member Name

        86          0          0          0          0          0   __dczerorl2.o
         0          0          0          0          0          0   entry.o
         0          0          0          0          0          0   entry10a.o
         0          0          0          0          0          0   entry11a.o
         4          0          0          0          0          0   entry12b.o
         8          4          0          0          0          0   entry2.o
         4          0          0          0          0          0   entry5.o
         0          0          0          0          0          0   entry7b.o
         0          0          0          0          0          0   entry8b.o
         8          4          0          0          0          0   entry9a.o
        30          0          0          0          0          0   handlers.o
        36          8          0          0          0         68   init.o
         0          0          0          0          0          0   iusefp.o
        30          0          0          0          0         68   llshl.o
        36          0          0          0          0         68   llsshr.o
        32          0          0          0          0         68   llushr.o
        36          0          0          0          0         68   memcpya.o
        36          0          0          0          0        108   memseta.o
      2292         96          0          0          0        612   printfa.o
         0          0          0          4          0          0   stdout.o
        44          0          0          0          0         80   uidiv.o
        98          0          0          0          0         92   uldiv.o
        48          0          0          0          0         68   cdrcmple.o
       334          0          0          0          0        148   dadd.o
       222          0          0          0          0        100   ddiv.o
       186          0          0          0          0        176   depilogue.o
        48          0          0          0          0         68   dfixul.o
       228          0          0          0          0         96   dmul.o
        38          0          0          0          0         68   f2d.o

    ----------------------------------------------------------------------
      3888        112          0          4          0       1956   Library Totals
         4          0          0          0          0          0   (incl. Padding)

    ----------------------------------------------------------------------

      Code (inc. data)   RO Data    RW Data    ZI Data      Debug   Library Name

      2780        112          0          4          0       1232   mc_w.l
      1104          0          0          0          0        724   mf_w.l

    ----------------------------------------------------------------------
      3888        112          0          4          0       1956   Library Totals

    ----------------------------------------------------------------------

==============================================================================


      Code (inc. data)   RO Data    RW Data    ZI Data      Debug   

     34356       3586        496        532      19812    1013693   Grand Totals
     34356       3586        496        124      19812    1013693   ELF Image Totals (compressed)
     34356       3586        496        124          0          0   ROM Totals

==============================================================================

    Total RO  Size (Code + RO Data)                34852 (  34.04kB)
    Total RW  Size (RW Data + ZI Data)             20344 (  19.87kB)
    Total ROM Size (Code + RO Data + RW Data)      34976 (  34.16kB)

==============================================================================

